Archive member included because of file (symbol)

/Developer/Marmalade/6.1/s3e/edk/lib/android/libedk.a(edk_helpers.o)
                              release/rooOpenUDID_platform.os (s3eEdkThreadRunOnOS)
/Developer/android-ndk-r8b/toolchains/arm-linux-androideabi-4.4.3/prebuilt/darwin-x86/bin/../lib/gcc/arm-linux-androideabi/4.4.3/libgcc.a(unwind-arm.o)
                              /Developer/android-ndk-r8b/platforms/android-9/arch-arm/usr/lib/crtbegin_so.o (__aeabi_unwind_cpp_pr0)
/Developer/android-ndk-r8b/toolchains/arm-linux-androideabi-4.4.3/prebuilt/darwin-x86/bin/../lib/gcc/arm-linux-androideabi/4.4.3/libgcc.a(libunwind.o)
                              /Developer/android-ndk-r8b/toolchains/arm-linux-androideabi-4.4.3/prebuilt/darwin-x86/bin/../lib/gcc/arm-linux-androideabi/4.4.3/libgcc.a(unwind-arm.o) (restore_core_regs)
/Developer/android-ndk-r8b/toolchains/arm-linux-androideabi-4.4.3/prebuilt/darwin-x86/bin/../lib/gcc/arm-linux-androideabi/4.4.3/libgcc.a(pr-support.o)
                              /Developer/android-ndk-r8b/toolchains/arm-linux-androideabi-4.4.3/prebuilt/darwin-x86/bin/../lib/gcc/arm-linux-androideabi/4.4.3/libgcc.a(unwind-arm.o) (__gnu_unwind_execute)

Discarded input sections

 .note.GNU-stack
                0x00000000        0x0 /Developer/android-ndk-r8b/platforms/android-9/arch-arm/usr/lib/crtbegin_so.o
 _ZN7_JNIEnv16CallObjectMethodEP8_jobjectP10_jmethodIDz
                0x00000000        0x0 release/rooOpenUDID_platform.os
 _ZN7_JNIEnv17CallBooleanMethodEP8_jobjectP10_jmethodIDz
                0x00000000        0x0 release/rooOpenUDID_platform.os
 _ZN7_JNIEnv14CallVoidMethodEP8_jobjectP10_jmethodIDz
                0x00000000        0x0 release/rooOpenUDID_platform.os
 _ZN7_JNIEnv9NewObjectEP7_jclassP10_jmethodIDz
                0x00000000        0x0 release/rooOpenUDID_platform.os
 .note.GNU-stack
                0x00000000        0x0 release/rooOpenUDID_platform.os
 .note.GNU-stack
                0x00000000        0x0 release/rooOpenUDID.os
 .note.GNU-stack
                0x00000000        0x0 release/rooOpenUDID_register.os
 .note.GNU-stack
                0x00000000        0x0 /Developer/Marmalade/6.1/s3e/edk/lib/android/libedk.a(edk_helpers.o)
 .note.GNU-stack
                0x00000000        0x0 /Developer/android-ndk-r8b/toolchains/arm-linux-androideabi-4.4.3/prebuilt/darwin-x86/bin/../lib/gcc/arm-linux-androideabi/4.4.3/libgcc.a(unwind-arm.o)
 .note.GNU-stack
                0x00000000        0x0 /Developer/android-ndk-r8b/toolchains/arm-linux-androideabi-4.4.3/prebuilt/darwin-x86/bin/../lib/gcc/arm-linux-androideabi/4.4.3/libgcc.a(libunwind.o)
 .note.GNU-stack
                0x00000000        0x0 /Developer/android-ndk-r8b/toolchains/arm-linux-androideabi-4.4.3/prebuilt/darwin-x86/bin/../lib/gcc/arm-linux-androideabi/4.4.3/libgcc.a(pr-support.o)
 .note.GNU-stack
                0x00000000        0x0 /Developer/android-ndk-r8b/platforms/android-9/arch-arm/usr/lib/crtend_so.o

Memory Configuration

Name             Origin             Length             Attributes
*default*        0x00000000         0xffffffff

Linker script and memory map

LOAD /Developer/android-ndk-r8b/platforms/android-9/arch-arm/usr/lib/crtbegin_so.o
LOAD release/rooOpenUDID_platform.os
LOAD release/rooOpenUDID.os
LOAD release/rooOpenUDID_register.os
LOAD /Developer/Marmalade/6.1/s3e/edk/lib/android/libedk.a
LOAD /Developer/Marmalade/6.1/s3e/edk/lib/android/libplaceholderplaceholderplaceholderplaceholderplaceholder.so
LOAD /Developer/android-ndk-r8b/platforms/android-9/arch-arm/usr/lib/liblog.so
LOAD /Developer/android-ndk-r8b/sources/cxx-stl/gnu-libstdc++/4.4.3/libs/armeabi/libgnustl_static.a
LOAD /Developer/android-ndk-r8b/toolchains/arm-linux-androideabi-4.4.3/prebuilt/darwin-x86/bin/../lib/gcc/arm-linux-androideabi/4.4.3/libgcc.a
LOAD /Developer/android-ndk-r8b/platforms/android-9/arch-arm/usr/lib/libstdc++.so
LOAD /Developer/android-ndk-r8b/platforms/android-9/arch-arm/usr/lib/libm.so
LOAD /Developer/android-ndk-r8b/platforms/android-9/arch-arm/usr/lib/libc.so
LOAD /Developer/android-ndk-r8b/toolchains/arm-linux-androideabi-4.4.3/prebuilt/darwin-x86/bin/../lib/gcc/arm-linux-androideabi/4.4.3/libgcc.a
LOAD /Developer/android-ndk-r8b/platforms/android-9/arch-arm/usr/lib/libc.so
LOAD /Developer/android-ndk-r8b/platforms/android-9/arch-arm/usr/lib/libdl.so
LOAD /Developer/android-ndk-r8b/toolchains/arm-linux-androideabi-4.4.3/prebuilt/darwin-x86/bin/../lib/gcc/arm-linux-androideabi/4.4.3/libgcc.a
LOAD /Developer/android-ndk-r8b/platforms/android-9/arch-arm/usr/lib/crtend_so.o
                0x000000f4                . = (0x0 + SIZEOF_HEADERS)

.note.gnu.build-id
 *(.note.gnu.build-id)

.hash           0x000000f4      0x238
 *(.hash)
 .hash          0x000000f4      0x238 /Developer/android-ndk-r8b/platforms/android-9/arch-arm/usr/lib/crtbegin_so.o

.gnu.hash
 *(.gnu.hash)

.dynsym         0x0000032c      0x490
 *(.dynsym)
 .dynsym        0x0000032c      0x490 /Developer/android-ndk-r8b/platforms/android-9/arch-arm/usr/lib/crtbegin_so.o

.dynstr         0x000007bc      0x52c
 *(.dynstr)
 .dynstr        0x000007bc      0x52c /Developer/android-ndk-r8b/platforms/android-9/arch-arm/usr/lib/crtbegin_so.o

.gnu.version    0x00000ce8        0x0
 *(.gnu.version)
 .gnu.version   0x00000000        0x0 /Developer/android-ndk-r8b/platforms/android-9/arch-arm/usr/lib/crtbegin_so.o

.gnu.version_d  0x00000ce8        0x0
 *(.gnu.version_d)
 .gnu.version_d
                0x00000000        0x0 /Developer/android-ndk-r8b/platforms/android-9/arch-arm/usr/lib/crtbegin_so.o

.gnu.version_r  0x00000ce8        0x0
 *(.gnu.version_r)
 .gnu.version_r
                0x00000000        0x0 /Developer/android-ndk-r8b/platforms/android-9/arch-arm/usr/lib/crtbegin_so.o

.rel.dyn        0x00000ce8       0x80
 *(.rel.init)
 *(.rel.text .rel.text.* .rel.gnu.linkonce.t.*)
 .rel.text      0x00000ce8       0x10 /Developer/android-ndk-r8b/platforms/android-9/arch-arm/usr/lib/crtbegin_so.o
 *(.rel.fini)
 *(.rel.rodata .rel.rodata.* .rel.gnu.linkonce.r.*)
 *(.rel.data.rel.ro* .rel.gnu.linkonce.d.rel.ro.*)
 *(.rel.data .rel.data.* .rel.gnu.linkonce.d.*)
 .rel.data      0x00000cf8        0x8 /Developer/android-ndk-r8b/platforms/android-9/arch-arm/usr/lib/crtbegin_so.o
 *(.rel.tdata .rel.tdata.* .rel.gnu.linkonce.td.*)
 *(.rel.tbss .rel.tbss.* .rel.gnu.linkonce.tb.*)
 *(.rel.ctors)
 *(.rel.dtors)
 *(.rel.got)
 .rel.got       0x00000d00       0x60 /Developer/android-ndk-r8b/platforms/android-9/arch-arm/usr/lib/crtbegin_so.o
 *(.rel.bss .rel.bss.* .rel.gnu.linkonce.b.*)
 .rel.fini_array
                0x00000d60        0x8 /Developer/android-ndk-r8b/platforms/android-9/arch-arm/usr/lib/crtbegin_so.o

.rela.dyn
 *(.rela.init)
 *(.rela.text .rela.text.* .rela.gnu.linkonce.t.*)
 *(.rela.fini)
 *(.rela.rodata .rela.rodata.* .rela.gnu.linkonce.r.*)
 *(.rela.data .rela.data.* .rela.gnu.linkonce.d.*)
 *(.rela.tdata .rela.tdata.* .rela.gnu.linkonce.td.*)
 *(.rela.tbss .rela.tbss.* .rela.gnu.linkonce.tb.*)
 *(.rela.ctors)
 *(.rela.dtors)
 *(.rela.got)
 *(.rela.bss .rela.bss.* .rela.gnu.linkonce.b.*)

.rel.plt        0x00000d68       0x70
 *(.rel.plt)
 .rel.plt       0x00000d68       0x70 /Developer/android-ndk-r8b/platforms/android-9/arch-arm/usr/lib/crtbegin_so.o

.rela.plt
 *(.rela.plt)

.init
 *(.init)

.plt            0x00000dd8       0xbc
 *(.plt)
 .plt           0x00000dd8       0xbc /Developer/android-ndk-r8b/platforms/android-9/arch-arm/usr/lib/crtbegin_so.o

.text           0x00000e94     0x1bf4
 *(.text .stub .text.* .gnu.linkonce.t.*)
 .text          0x00000e94       0x28 /Developer/android-ndk-r8b/platforms/android-9/arch-arm/usr/lib/crtbegin_so.o
                0x00000ea4                atexit
 .text          0x00000ebc      0x3fc release/rooOpenUDID_platform.os
                0x00001144                _Z29rooOpenUDID_getValue_platformv
                0x00000ebc                _Z29rooOpenUDIDTerminate_platformv
                0x00000ec0                _Z24rooOpenUDIDInit_platformv
                0x000010ec                _Z34rooOpenUDID_isInitialized_platformv
                0x0000109c                _Z25rooOpenUDID_init_platformv
 .text._ZN7_JNIEnv16CallObjectMethodEP8_jobjectP10_jmethodIDz
                0x000012b8       0x34 release/rooOpenUDID_platform.os
                0x000012b8                _ZN7_JNIEnv16CallObjectMethodEP8_jobjectP10_jmethodIDz
 .text._ZN7_JNIEnv17CallBooleanMethodEP8_jobjectP10_jmethodIDz
                0x000012ec       0x34 release/rooOpenUDID_platform.os
                0x000012ec                _ZN7_JNIEnv17CallBooleanMethodEP8_jobjectP10_jmethodIDz
 .text._ZN7_JNIEnv14CallVoidMethodEP8_jobjectP10_jmethodIDz
                0x00001320       0x34 release/rooOpenUDID_platform.os
                0x00001320                _ZN7_JNIEnv14CallVoidMethodEP8_jobjectP10_jmethodIDz
 .text._ZN7_JNIEnv9NewObjectEP7_jclassP10_jmethodIDz
                0x00001354       0x34 release/rooOpenUDID_platform.os
                0x00001354                _ZN7_JNIEnv9NewObjectEP7_jclassP10_jmethodIDz
 .text          0x00001388       0x14 release/rooOpenUDID.os
                0x00001398                _Z15rooOpenUDIDInitv
                0x0000138c                rooOpenUDID_isInitialized
                0x00001394                _Z20rooOpenUDIDTerminatev
                0x00001390                rooOpenUDID_init
                0x00001388                rooOpenUDID_getValue
 .text          0x0000139c      0x16c release/rooOpenUDID_register.os
                0x0000139c                _Z22rooOpenUDIDRegisterExtv
                0x00001478                RegisterExt
 .text          0x00001508        0x0 /Developer/Marmalade/6.1/s3e/edk/lib/android/libedk.a(edk_helpers.o)
 .text.s3eEdkThreadRunOnOSAsync
                0x00001508       0x30 /Developer/Marmalade/6.1/s3e/edk/lib/android/libedk.a(edk_helpers.o)
                0x00001508                s3eEdkThreadRunOnOSAsync
 .text.s3eEdkThreadRunOnOS
                0x00001538       0x30 /Developer/Marmalade/6.1/s3e/edk/lib/android/libedk.a(edk_helpers.o)
                0x00001538                s3eEdkThreadRunOnOS
 .text.s3eEdkErrorSetString
                0x00001568       0x30 /Developer/Marmalade/6.1/s3e/edk/lib/android/libedk.a(edk_helpers.o)
                0x00001568                s3eEdkErrorSetString
 .text          0x00001598      0xec4 /Developer/android-ndk-r8b/toolchains/arm-linux-androideabi-4.4.3/prebuilt/darwin-x86/bin/../lib/gcc/arm-linux-androideabi/4.4.3/libgcc.a(unwind-arm.o)
                0x00001fc0                __gnu_Unwind_RaiseException
                0x00001b18                __aeabi_unwind_cpp_pr0
                0x00001648                _Unwind_GetCFA
                0x000015e4                _Unwind_VRS_Set
                0x00001d5c                __gnu_Unwind_Backtrace
                0x000020f0                _Unwind_VRS_Pop
                0x00001b08                __aeabi_unwind_cpp_pr2
                0x00001654                _Unwind_DeleteException
                0x00001650                _Unwind_Complete
                0x00002084                __gnu_Unwind_Resume
                0x00001f4c                __gnu_Unwind_ForcedUnwind
                0x00002064                __gnu_Unwind_Resume_or_Rethrow
                0x00001598                _Unwind_VRS_Get
                0x00001b10                __aeabi_unwind_cpp_pr1
 .text          0x0000245c      0x1a8 /Developer/android-ndk-r8b/toolchains/arm-linux-androideabi-4.4.3/prebuilt/darwin-x86/bin/../lib/gcc/arm-linux-androideabi/4.4.3/libgcc.a(libunwind.o)
                0x000025bc                ___Unwind_ForcedUnwind
                0x00002478                __gnu_Unwind_Save_VFP
                0x00002598                _Unwind_Resume_or_Rethrow
                0x00002598                ___Unwind_Resume_or_Rethrow
                0x000025e0                _Unwind_Backtrace
                0x0000245c                __restore_core_regs
                0x00002498                __gnu_Unwind_Save_VFP_D_16_to_31
                0x00002488                __gnu_Unwind_Save_VFP_D
                0x000025e0                ___Unwind_Backtrace
                0x00002550                ___Unwind_RaiseException
                0x00002574                ___Unwind_Resume
                0x000024a0                __gnu_Unwind_Restore_WMMXD
                0x00002470                __gnu_Unwind_Restore_VFP
                0x00002574                _Unwind_Resume
                0x00002480                __gnu_Unwind_Restore_VFP_D
                0x00002490                __gnu_Unwind_Restore_VFP_D_16_to_31
                0x00002550                _Unwind_RaiseException
                0x0000245c                restore_core_regs
                0x0000253c                __gnu_Unwind_Save_WMMXC
                0x00002528                __gnu_Unwind_Restore_WMMXC
                0x000025bc                _Unwind_ForcedUnwind
                0x000024e4                __gnu_Unwind_Save_WMMXD
 .text          0x00002604      0x484 /Developer/android-ndk-r8b/toolchains/arm-linux-androideabi-4.4.3/prebuilt/darwin-x86/bin/../lib/gcc/arm-linux-androideabi/4.4.3/libgcc.a(pr-support.o)
                0x000026a4                _Unwind_GetRegionStart
                0x000026d0                __gnu_unwind_execute
                0x0000265c                _Unwind_GetTextRelBase
                0x0000266c                _Unwind_GetLanguageSpecificData
                0x00002a48                __gnu_unwind_frame
                0x00002664                _Unwind_GetDataRelBase
 .text          0x00002a88        0x0 /Developer/android-ndk-r8b/platforms/android-9/arch-arm/usr/lib/crtend_so.o
 *(.gnu.warning)
 *(.glue_7t)
 .glue_7t       0x00000000        0x0 linker stubs
 *(.glue_7)
 .glue_7        0x00000000        0x0 linker stubs
 *(.vfp11_veneer)
 .vfp11_veneer  0x00000000        0x0 linker stubs
 *(.v4_bx)
 .v4_bx         0x00000000        0x0 linker stubs

.fini
 *(.fini)
                0x00002a88                PROVIDE (__etext, .)
                0x00002a88                PROVIDE (_etext, .)
                0x00002a88                PROVIDE (etext, .)

.rodata         0x00002a88       0x7c
 *(.rodata .rodata.* .gnu.linkonce.r.*)
 .rodata.str1.4
                0x00002a88       0x7c release/rooOpenUDID_platform.os
 .rodata.str1.4
                0x00000000        0xc release/rooOpenUDID_register.os

.rodata1
 *(.rodata1)

.ARM.extab      0x00002b04       0x24
 *(.ARM.extab* .gnu.linkonce.armextab.*)
 .ARM.extab     0x00002b04        0x0 /Developer/android-ndk-r8b/platforms/android-9/arch-arm/usr/lib/crtbegin_so.o
 .ARM.extab     0x00002b04       0x24 /Developer/android-ndk-r8b/toolchains/arm-linux-androideabi-4.4.3/prebuilt/darwin-x86/bin/../lib/gcc/arm-linux-androideabi/4.4.3/libgcc.a(unwind-arm.o)
 .ARM.extab     0x00002b28        0x0 /Developer/android-ndk-r8b/toolchains/arm-linux-androideabi-4.4.3/prebuilt/darwin-x86/bin/../lib/gcc/arm-linux-androideabi/4.4.3/libgcc.a(pr-support.o)
                0x00002b28                __exidx_start = .

.ARM.exidx      0x00002b28       0xe0
 *(.ARM.exidx* .gnu.linkonce.armexidx.*)
 .ARM.exidx     0x00002b28        0x8 /Developer/android-ndk-r8b/platforms/android-9/arch-arm/usr/lib/crtbegin_so.o
 .ARM.exidx     0x00002b30       0xa0 /Developer/android-ndk-r8b/toolchains/arm-linux-androideabi-4.4.3/prebuilt/darwin-x86/bin/../lib/gcc/arm-linux-androideabi/4.4.3/libgcc.a(unwind-arm.o)
 .ARM.exidx     0x00002bd0       0x38 /Developer/android-ndk-r8b/toolchains/arm-linux-androideabi-4.4.3/prebuilt/darwin-x86/bin/../lib/gcc/arm-linux-androideabi/4.4.3/libgcc.a(pr-support.o)
                0x00002c08                __exidx_end = .

.eh_frame_hdr
 *(.eh_frame_hdr)

.eh_frame
 *(.eh_frame)

.gcc_except_table
 *(.gcc_except_table .gcc_except_table.*)
                0x00002c08                . = (ALIGN (0x1000) - ((0x1000 - .) & 0xfff))
                0x00003e78                . = (0x1000 DATA_SEGMENT_ALIGN 0x1000)

.eh_frame
 *(.eh_frame)

.gcc_except_table
 *(.gcc_except_table .gcc_except_table.*)

.tdata
 *(.tdata .tdata.* .gnu.linkonce.td.*)

.tbss
 *(.tbss .tbss.* .gnu.linkonce.tb.*)
 *(.tcommon)

.preinit_array
 *(.preinit_array)

.init_array     0x00003e78        0x8
 *(SORT(.init_array.*))
 *(.init_array)
 .init_array    0x00003e78        0x4 /Developer/android-ndk-r8b/platforms/android-9/arch-arm/usr/lib/crtbegin_so.o
                0x00003e78                __INIT_ARRAY__
 .init_array    0x00003e7c        0x4 /Developer/android-ndk-r8b/platforms/android-9/arch-arm/usr/lib/crtend_so.o

.fini_array     0x00003e80        0xc
 *(.fini_array)
 .fini_array    0x00003e80        0x8 /Developer/android-ndk-r8b/platforms/android-9/arch-arm/usr/lib/crtbegin_so.o
                0x00003e80                __FINI_ARRAY__
 .fini_array    0x00003e88        0x4 /Developer/android-ndk-r8b/platforms/android-9/arch-arm/usr/lib/crtend_so.o
 *(SORT(.fini_array.*))

.ctors
 *crtbegin.o(.ctors)
 *crtbegin?.o(.ctors)
 *(EXCLUDE_FILE(*crtend?.o *crtend.o) .ctors)
 *(SORT(.ctors.*))
 *(.ctors)

.dtors
 *crtbegin.o(.dtors)
 *crtbegin?.o(.dtors)
 *(EXCLUDE_FILE(*crtend?.o *crtend.o) .dtors)
 *(SORT(.dtors.*))
 *(.dtors)

.jcr
 *(.jcr)

.data.rel.ro
 *(.data.rel.ro.local* .gnu.linkonce.d.rel.ro.local.*)
 *(.data.rel.ro* .gnu.linkonce.d.rel.ro.*)

.dynamic        0x00003e8c      0x100
 *(.dynamic)
 .dynamic       0x00003e8c      0x100 /Developer/android-ndk-r8b/platforms/android-9/arch-arm/usr/lib/crtbegin_so.o
                0x00003e8c                _DYNAMIC

.got            0x00003f8c       0x74
 *(.got.plt)
 .got.plt       0x00003f8c       0x44 /Developer/android-ndk-r8b/platforms/android-9/arch-arm/usr/lib/crtbegin_so.o
                0x00003f8c                _GLOBAL_OFFSET_TABLE_
 *(.got)
 .got           0x00003fd0       0x30 /Developer/android-ndk-r8b/platforms/android-9/arch-arm/usr/lib/crtbegin_so.o
                0x00004000                . = (. DATA_SEGMENT_RELRO_END 0x0)

.data           0x00004000       0x10
                0x00004000                __data_start = .
 *(.data .data.* .gnu.linkonce.d.*)
 .data          0x00004000       0x10 /Developer/android-ndk-r8b/platforms/android-9/arch-arm/usr/lib/crtbegin_so.o
                0x00004000                __dso_handle
 .data          0x00004010        0x0 release/rooOpenUDID_platform.os
 .data          0x00004010        0x0 release/rooOpenUDID.os
 .data          0x00004010        0x0 release/rooOpenUDID_register.os
 .data          0x00004010        0x0 /Developer/Marmalade/6.1/s3e/edk/lib/android/libedk.a(edk_helpers.o)
 .data          0x00004010        0x0 /Developer/android-ndk-r8b/toolchains/arm-linux-androideabi-4.4.3/prebuilt/darwin-x86/bin/../lib/gcc/arm-linux-androideabi/4.4.3/libgcc.a(unwind-arm.o)
 .data          0x00004010        0x0 /Developer/android-ndk-r8b/toolchains/arm-linux-androideabi-4.4.3/prebuilt/darwin-x86/bin/../lib/gcc/arm-linux-androideabi/4.4.3/libgcc.a(libunwind.o)
 .data          0x00004010        0x0 /Developer/android-ndk-r8b/toolchains/arm-linux-androideabi-4.4.3/prebuilt/darwin-x86/bin/../lib/gcc/arm-linux-androideabi/4.4.3/libgcc.a(pr-support.o)
 .data          0x00004010        0x0 /Developer/android-ndk-r8b/platforms/android-9/arch-arm/usr/lib/crtend_so.o

.data1
 *(.data1)
                0x00004010                _edata = .
                0x00004010                PROVIDE (edata, .)
                0x00004010                __bss_start = .
                0x00004010                __bss_start__ = .

.bss            0x00004010       0x14
 *(.dynbss)
 .dynbss        0x00000000        0x0 /Developer/android-ndk-r8b/platforms/android-9/arch-arm/usr/lib/crtbegin_so.o
 *(.bss .bss.* .gnu.linkonce.b.*)
 .bss           0x00004010        0x0 /Developer/android-ndk-r8b/platforms/android-9/arch-arm/usr/lib/crtbegin_so.o
 .bss           0x00004010       0x14 release/rooOpenUDID_platform.os
                0x00004020                g_Str
 .bss           0x00004024        0x0 release/rooOpenUDID.os
 .bss           0x00004024        0x0 release/rooOpenUDID_register.os
 .bss           0x00004024        0x0 /Developer/Marmalade/6.1/s3e/edk/lib/android/libedk.a(edk_helpers.o)
 .bss           0x00004024        0x0 /Developer/android-ndk-r8b/toolchains/arm-linux-androideabi-4.4.3/prebuilt/darwin-x86/bin/../lib/gcc/arm-linux-androideabi/4.4.3/libgcc.a(unwind-arm.o)
 .bss           0x00004024        0x0 /Developer/android-ndk-r8b/toolchains/arm-linux-androideabi-4.4.3/prebuilt/darwin-x86/bin/../lib/gcc/arm-linux-androideabi/4.4.3/libgcc.a(libunwind.o)
 .bss           0x00004024        0x0 /Developer/android-ndk-r8b/toolchains/arm-linux-androideabi-4.4.3/prebuilt/darwin-x86/bin/../lib/gcc/arm-linux-androideabi/4.4.3/libgcc.a(pr-support.o)
 .bss           0x00004024        0x0 /Developer/android-ndk-r8b/platforms/android-9/arch-arm/usr/lib/crtend_so.o
 *(COMMON)
                0x00004024                . = ALIGN ((. != 0x0)?0x4:0x1)
                0x00004024                _bss_end__ = .
                0x00004024                __bss_end__ = .
                0x00004024                . = ALIGN (0x4)
                0x00004024                . = ALIGN (0x4)
                0x00004024                __end__ = .
                0x00004024                _end = .
                0x00004024                PROVIDE (end, .)
                0x00004024                . = DATA_SEGMENT_END (.)

.stab
 *(.stab)

.stabstr
 *(.stabstr)

.stab.excl
 *(.stab.excl)

.stab.exclstr
 *(.stab.exclstr)

.stab.index
 *(.stab.index)

.stab.indexstr
 *(.stab.indexstr)

.comment        0x00000000       0x6c
 *(.comment)
 .comment       0x00000000       0x12 release/rooOpenUDID_platform.os
 .comment       0x00000012       0x12 release/rooOpenUDID.os
 .comment       0x00000024       0x12 release/rooOpenUDID_register.os
 .comment       0x00000036       0x12 /Developer/Marmalade/6.1/s3e/edk/lib/android/libedk.a(edk_helpers.o)
 .comment       0x00000048       0x12 /Developer/android-ndk-r8b/toolchains/arm-linux-androideabi-4.4.3/prebuilt/darwin-x86/bin/../lib/gcc/arm-linux-androideabi/4.4.3/libgcc.a(unwind-arm.o)
 .comment       0x0000005a       0x12 /Developer/android-ndk-r8b/toolchains/arm-linux-androideabi-4.4.3/prebuilt/darwin-x86/bin/../lib/gcc/arm-linux-androideabi/4.4.3/libgcc.a(pr-support.o)

.debug
 *(.debug)

.line
 *(.line)

.debug_srcinfo
 *(.debug_srcinfo)

.debug_sfnames
 *(.debug_sfnames)

.debug_aranges  0x00000000       0x60
 *(.debug_aranges)
 .debug_aranges
                0x00000000       0x20 /Developer/android-ndk-r8b/toolchains/arm-linux-androideabi-4.4.3/prebuilt/darwin-x86/bin/../lib/gcc/arm-linux-androideabi/4.4.3/libgcc.a(unwind-arm.o)
 .debug_aranges
                0x00000020       0x20 /Developer/android-ndk-r8b/toolchains/arm-linux-androideabi-4.4.3/prebuilt/darwin-x86/bin/../lib/gcc/arm-linux-androideabi/4.4.3/libgcc.a(libunwind.o)
 .debug_aranges
                0x00000040       0x20 /Developer/android-ndk-r8b/toolchains/arm-linux-androideabi-4.4.3/prebuilt/darwin-x86/bin/../lib/gcc/arm-linux-androideabi/4.4.3/libgcc.a(pr-support.o)

.debug_pubnames
                0x00000000      0x22e
 *(.debug_pubnames)
 .debug_pubnames
                0x00000000      0x177 /Developer/android-ndk-r8b/toolchains/arm-linux-androideabi-4.4.3/prebuilt/darwin-x86/bin/../lib/gcc/arm-linux-androideabi/4.4.3/libgcc.a(unwind-arm.o)
 .debug_pubnames
                0x00000177       0xb7 /Developer/android-ndk-r8b/toolchains/arm-linux-androideabi-4.4.3/prebuilt/darwin-x86/bin/../lib/gcc/arm-linux-androideabi/4.4.3/libgcc.a(pr-support.o)

.debug_info     0x00000000     0x1b37
 *(.debug_info .gnu.linkonce.wi.*)
 .debug_info    0x00000000     0x1424 /Developer/android-ndk-r8b/toolchains/arm-linux-androideabi-4.4.3/prebuilt/darwin-x86/bin/../lib/gcc/arm-linux-androideabi/4.4.3/libgcc.a(unwind-arm.o)
 .debug_info    0x00001424       0xdd /Developer/android-ndk-r8b/toolchains/arm-linux-androideabi-4.4.3/prebuilt/darwin-x86/bin/../lib/gcc/arm-linux-androideabi/4.4.3/libgcc.a(libunwind.o)
 .debug_info    0x00001501      0x636 /Developer/android-ndk-r8b/toolchains/arm-linux-androideabi-4.4.3/prebuilt/darwin-x86/bin/../lib/gcc/arm-linux-androideabi/4.4.3/libgcc.a(pr-support.o)

.debug_abbrev   0x00000000      0x5ef
 *(.debug_abbrev)
 .debug_abbrev  0x00000000      0x3bb /Developer/android-ndk-r8b/toolchains/arm-linux-androideabi-4.4.3/prebuilt/darwin-x86/bin/../lib/gcc/arm-linux-androideabi/4.4.3/libgcc.a(unwind-arm.o)
 .debug_abbrev  0x000003bb       0x14 /Developer/android-ndk-r8b/toolchains/arm-linux-androideabi-4.4.3/prebuilt/darwin-x86/bin/../lib/gcc/arm-linux-androideabi/4.4.3/libgcc.a(libunwind.o)
 .debug_abbrev  0x000003cf      0x220 /Developer/android-ndk-r8b/toolchains/arm-linux-androideabi-4.4.3/prebuilt/darwin-x86/bin/../lib/gcc/arm-linux-androideabi/4.4.3/libgcc.a(pr-support.o)

.debug_line     0x00000000      0x74d
 *(.debug_line)
 .debug_line    0x00000000      0x4b6 /Developer/android-ndk-r8b/toolchains/arm-linux-androideabi-4.4.3/prebuilt/darwin-x86/bin/../lib/gcc/arm-linux-androideabi/4.4.3/libgcc.a(unwind-arm.o)
 .debug_line    0x000004b6       0xe1 /Developer/android-ndk-r8b/toolchains/arm-linux-androideabi-4.4.3/prebuilt/darwin-x86/bin/../lib/gcc/arm-linux-androideabi/4.4.3/libgcc.a(libunwind.o)
 .debug_line    0x00000597      0x1b6 /Developer/android-ndk-r8b/toolchains/arm-linux-androideabi-4.4.3/prebuilt/darwin-x86/bin/../lib/gcc/arm-linux-androideabi/4.4.3/libgcc.a(pr-support.o)

.debug_frame    0x00000000      0x350
 *(.debug_frame)
 .debug_frame   0x00000000      0x248 /Developer/android-ndk-r8b/toolchains/arm-linux-androideabi-4.4.3/prebuilt/darwin-x86/bin/../lib/gcc/arm-linux-androideabi/4.4.3/libgcc.a(unwind-arm.o)
 .debug_frame   0x00000248      0x108 /Developer/android-ndk-r8b/toolchains/arm-linux-androideabi-4.4.3/prebuilt/darwin-x86/bin/../lib/gcc/arm-linux-androideabi/4.4.3/libgcc.a(pr-support.o)

.debug_str      0x00000000      0x9a7
 *(.debug_str)
 .debug_str     0x00000000      0x874 /Developer/android-ndk-r8b/toolchains/arm-linux-androideabi-4.4.3/prebuilt/darwin-x86/bin/../lib/gcc/arm-linux-androideabi/4.4.3/libgcc.a(unwind-arm.o)
                                0x8e4 (size before relaxing)
 .debug_str     0x00000874      0x133 /Developer/android-ndk-r8b/toolchains/arm-linux-androideabi-4.4.3/prebuilt/darwin-x86/bin/../lib/gcc/arm-linux-androideabi/4.4.3/libgcc.a(pr-support.o)
                                0x44a (size before relaxing)

.debug_loc      0x00000000     0x12e8
 *(.debug_loc)
 .debug_loc     0x00000000      0xfef /Developer/android-ndk-r8b/toolchains/arm-linux-androideabi-4.4.3/prebuilt/darwin-x86/bin/../lib/gcc/arm-linux-androideabi/4.4.3/libgcc.a(unwind-arm.o)
 .debug_loc     0x00000fef      0x2f9 /Developer/android-ndk-r8b/toolchains/arm-linux-androideabi-4.4.3/prebuilt/darwin-x86/bin/../lib/gcc/arm-linux-androideabi/4.4.3/libgcc.a(pr-support.o)

.debug_macinfo
 *(.debug_macinfo)

.debug_weaknames
 *(.debug_weaknames)

.debug_funcnames
 *(.debug_funcnames)

.debug_typenames
 *(.debug_typenames)

.debug_varnames
 *(.debug_varnames)

.debug_pubtypes
 *(.debug_pubtypes)

.debug_ranges   0x00000000      0x228
 *(.debug_ranges)
 .debug_ranges  0x00000000      0x1f8 /Developer/android-ndk-r8b/toolchains/arm-linux-androideabi-4.4.3/prebuilt/darwin-x86/bin/../lib/gcc/arm-linux-androideabi/4.4.3/libgcc.a(unwind-arm.o)
 .debug_ranges  0x000001f8       0x30 /Developer/android-ndk-r8b/toolchains/arm-linux-androideabi-4.4.3/prebuilt/darwin-x86/bin/../lib/gcc/arm-linux-androideabi/4.4.3/libgcc.a(pr-support.o)

.gnu.attributes
 *(.gnu.attributes)

.note.gnu.arm.ident
 *(.note.gnu.arm.ident)

/DISCARD/
 *(.note.GNU-stack)
 *(.gnu_debuglink)
OUTPUT(/Users/jmulro/Work/bloodwar/client/extensions/rooOpenUDID/lib/android/librooOpenUDID.so elf32-littlearm)

.ARM.attributes
                0x00000000       0x31
 .ARM.attributes
                0x00000000       0x2d /Developer/android-ndk-r8b/platforms/android-9/arch-arm/usr/lib/crtbegin_so.o
 .ARM.attributes
                0x0000002d       0x2b release/rooOpenUDID_platform.os
 .ARM.attributes
                0x00000058       0x2b release/rooOpenUDID.os
 .ARM.attributes
                0x00000083       0x2b release/rooOpenUDID_register.os
 .ARM.attributes
                0x000000ae       0x2b /Developer/Marmalade/6.1/s3e/edk/lib/android/libedk.a(edk_helpers.o)
 .ARM.attributes
                0x000000d9       0x29 /Developer/android-ndk-r8b/toolchains/arm-linux-androideabi-4.4.3/prebuilt/darwin-x86/bin/../lib/gcc/arm-linux-androideabi/4.4.3/libgcc.a(unwind-arm.o)
 .ARM.attributes
                0x00000102       0x19 /Developer/android-ndk-r8b/toolchains/arm-linux-androideabi-4.4.3/prebuilt/darwin-x86/bin/../lib/gcc/arm-linux-androideabi/4.4.3/libgcc.a(libunwind.o)
 .ARM.attributes
                0x0000011b       0x29 /Developer/android-ndk-r8b/toolchains/arm-linux-androideabi-4.4.3/prebuilt/darwin-x86/bin/../lib/gcc/arm-linux-androideabi/4.4.3/libgcc.a(pr-support.o)
 .ARM.attributes
                0x00000144       0x1f /Developer/android-ndk-r8b/platforms/android-9/arch-arm/usr/lib/crtend_so.o
