Archive member included because of file (symbol)

/Developer/Marmalade/6.1/s3e/edk/lib/android/libedk.a(IwDebug.o)
                              debug/rooOpenUDID_platform.os (IwDebugTraceSetTraceChannel)
/Developer/Marmalade/6.1/s3e/edk/lib/android/libedk.a(edk_helpers.o)
                              debug/rooOpenUDID_platform.os (s3eEdkThreadRunOnOS)
/Developer/android-ndk-r8b/toolchains/arm-linux-androideabi-4.4.3/prebuilt/darwin-x86/bin/../lib/gcc/arm-linux-androideabi/4.4.3/libgcc.a(_aeabi_ldivmod.o)
                              /Developer/Marmalade/6.1/s3e/edk/lib/android/libedk.a(IwDebug.o) (__aeabi_ldivmod)
/Developer/android-ndk-r8b/toolchains/arm-linux-androideabi-4.4.3/prebuilt/darwin-x86/bin/../lib/gcc/arm-linux-androideabi/4.4.3/libgcc.a(bpabi.o)
                              /Developer/android-ndk-r8b/toolchains/arm-linux-androideabi-4.4.3/prebuilt/darwin-x86/bin/../lib/gcc/arm-linux-androideabi/4.4.3/libgcc.a(_aeabi_ldivmod.o) (__gnu_ldivmod_helper)
/Developer/android-ndk-r8b/toolchains/arm-linux-androideabi-4.4.3/prebuilt/darwin-x86/bin/../lib/gcc/arm-linux-androideabi/4.4.3/libgcc.a(unwind-arm.o)
                              /Developer/android-ndk-r8b/platforms/android-9/arch-arm/usr/lib/crtbegin_so.o (__aeabi_unwind_cpp_pr0)
/Developer/android-ndk-r8b/toolchains/arm-linux-androideabi-4.4.3/prebuilt/darwin-x86/bin/../lib/gcc/arm-linux-androideabi/4.4.3/libgcc.a(libunwind.o)
                              /Developer/android-ndk-r8b/toolchains/arm-linux-androideabi-4.4.3/prebuilt/darwin-x86/bin/../lib/gcc/arm-linux-androideabi/4.4.3/libgcc.a(unwind-arm.o) (restore_core_regs)
/Developer/android-ndk-r8b/toolchains/arm-linux-androideabi-4.4.3/prebuilt/darwin-x86/bin/../lib/gcc/arm-linux-androideabi/4.4.3/libgcc.a(pr-support.o)
                              /Developer/android-ndk-r8b/toolchains/arm-linux-androideabi-4.4.3/prebuilt/darwin-x86/bin/../lib/gcc/arm-linux-androideabi/4.4.3/libgcc.a(unwind-arm.o) (__gnu_unwind_execute)
/Developer/android-ndk-r8b/toolchains/arm-linux-androideabi-4.4.3/prebuilt/darwin-x86/bin/../lib/gcc/arm-linux-androideabi/4.4.3/libgcc.a(_divdi3.o)
                              /Developer/android-ndk-r8b/toolchains/arm-linux-androideabi-4.4.3/prebuilt/darwin-x86/bin/../lib/gcc/arm-linux-androideabi/4.4.3/libgcc.a(bpabi.o) (__divdi3)
/Developer/android-ndk-r8b/toolchains/arm-linux-androideabi-4.4.3/prebuilt/darwin-x86/bin/../lib/gcc/arm-linux-androideabi/4.4.3/libgcc.a(_udivdi3.o)
                              /Developer/android-ndk-r8b/toolchains/arm-linux-androideabi-4.4.3/prebuilt/darwin-x86/bin/../lib/gcc/arm-linux-androideabi/4.4.3/libgcc.a(bpabi.o) (__udivdi3)
/Developer/android-ndk-r8b/toolchains/arm-linux-androideabi-4.4.3/prebuilt/darwin-x86/bin/../lib/gcc/arm-linux-androideabi/4.4.3/libgcc.a(_udivsi3.o)
                              /Developer/android-ndk-r8b/toolchains/arm-linux-androideabi-4.4.3/prebuilt/darwin-x86/bin/../lib/gcc/arm-linux-androideabi/4.4.3/libgcc.a(_divdi3.o) (__aeabi_uidiv)
/Developer/android-ndk-r8b/toolchains/arm-linux-androideabi-4.4.3/prebuilt/darwin-x86/bin/../lib/gcc/arm-linux-androideabi/4.4.3/libgcc.a(_dvmd_lnx.o)
                              /Developer/android-ndk-r8b/toolchains/arm-linux-androideabi-4.4.3/prebuilt/darwin-x86/bin/../lib/gcc/arm-linux-androideabi/4.4.3/libgcc.a(_udivsi3.o) (__div0)

Discarded input sections

 .note.GNU-stack
                0x00000000        0x0 /Developer/android-ndk-r8b/platforms/android-9/arch-arm/usr/lib/crtbegin_so.o
 _ZN7_JNIEnv9FindClassEPKc
                0x00000000        0x0 debug/rooOpenUDID_platform.os
 _ZN7_JNIEnv17ExceptionOccurredEv
                0x00000000        0x0 debug/rooOpenUDID_platform.os
 _ZN7_JNIEnv17ExceptionDescribeEv
                0x00000000        0x0 debug/rooOpenUDID_platform.os
 _ZN7_JNIEnv14ExceptionClearEv
                0x00000000        0x0 debug/rooOpenUDID_platform.os
 _ZN7_JNIEnv12NewGlobalRefEP8_jobject
                0x00000000        0x0 debug/rooOpenUDID_platform.os
 _ZN7_JNIEnv15DeleteGlobalRefEP8_jobject
                0x00000000        0x0 debug/rooOpenUDID_platform.os
 _ZN7_JNIEnv14DeleteLocalRefEP8_jobject
                0x00000000        0x0 debug/rooOpenUDID_platform.os
 _ZN7_JNIEnv9NewObjectEP7_jclassP10_jmethodIDz
                0x00000000        0x0 debug/rooOpenUDID_platform.os
 _ZN7_JNIEnv11GetMethodIDEP7_jclassPKcS3_
                0x00000000        0x0 debug/rooOpenUDID_platform.os
 _ZN7_JNIEnv16CallObjectMethodEP8_jobjectP10_jmethodIDz
                0x00000000        0x0 debug/rooOpenUDID_platform.os
 _ZN7_JNIEnv17CallBooleanMethodEP8_jobjectP10_jmethodIDz
                0x00000000        0x0 debug/rooOpenUDID_platform.os
 _ZN7_JNIEnv14CallVoidMethodEP8_jobjectP10_jmethodIDz
                0x00000000        0x0 debug/rooOpenUDID_platform.os
 _ZN7_JNIEnv17GetStringUTFCharsEP8_jstringPh
                0x00000000        0x0 debug/rooOpenUDID_platform.os
 _ZN7_JNIEnv21ReleaseStringUTFCharsEP8_jstringPKc
                0x00000000        0x0 debug/rooOpenUDID_platform.os
 _ZN7_JavaVM6GetEnvEPPvi
                0x00000000        0x0 debug/rooOpenUDID_platform.os
 .note.GNU-stack
                0x00000000        0x0 debug/rooOpenUDID_platform.os
 .note.GNU-stack
                0x00000000        0x0 debug/rooOpenUDID.os
 .note.GNU-stack
                0x00000000        0x0 debug/rooOpenUDID_register.os
 .note.GNU-stack
                0x00000000        0x0 /Developer/Marmalade/6.1/s3e/edk/lib/android/libedk.a(IwDebug.o)
 .note.GNU-stack
                0x00000000        0x0 /Developer/Marmalade/6.1/s3e/edk/lib/android/libedk.a(edk_helpers.o)
 .note.GNU-stack
                0x00000000        0x0 /Developer/android-ndk-r8b/toolchains/arm-linux-androideabi-4.4.3/prebuilt/darwin-x86/bin/../lib/gcc/arm-linux-androideabi/4.4.3/libgcc.a(_aeabi_ldivmod.o)
 .note.GNU-stack
                0x00000000        0x0 /Developer/android-ndk-r8b/toolchains/arm-linux-androideabi-4.4.3/prebuilt/darwin-x86/bin/../lib/gcc/arm-linux-androideabi/4.4.3/libgcc.a(bpabi.o)
 .note.GNU-stack
                0x00000000        0x0 /Developer/android-ndk-r8b/toolchains/arm-linux-androideabi-4.4.3/prebuilt/darwin-x86/bin/../lib/gcc/arm-linux-androideabi/4.4.3/libgcc.a(unwind-arm.o)
 .note.GNU-stack
                0x00000000        0x0 /Developer/android-ndk-r8b/toolchains/arm-linux-androideabi-4.4.3/prebuilt/darwin-x86/bin/../lib/gcc/arm-linux-androideabi/4.4.3/libgcc.a(libunwind.o)
 .note.GNU-stack
                0x00000000        0x0 /Developer/android-ndk-r8b/toolchains/arm-linux-androideabi-4.4.3/prebuilt/darwin-x86/bin/../lib/gcc/arm-linux-androideabi/4.4.3/libgcc.a(pr-support.o)
 .note.GNU-stack
                0x00000000        0x0 /Developer/android-ndk-r8b/toolchains/arm-linux-androideabi-4.4.3/prebuilt/darwin-x86/bin/../lib/gcc/arm-linux-androideabi/4.4.3/libgcc.a(_divdi3.o)
 .note.GNU-stack
                0x00000000        0x0 /Developer/android-ndk-r8b/toolchains/arm-linux-androideabi-4.4.3/prebuilt/darwin-x86/bin/../lib/gcc/arm-linux-androideabi/4.4.3/libgcc.a(_udivdi3.o)
 .note.GNU-stack
                0x00000000        0x0 /Developer/android-ndk-r8b/toolchains/arm-linux-androideabi-4.4.3/prebuilt/darwin-x86/bin/../lib/gcc/arm-linux-androideabi/4.4.3/libgcc.a(_udivsi3.o)
 .note.GNU-stack
                0x00000000        0x0 /Developer/android-ndk-r8b/toolchains/arm-linux-androideabi-4.4.3/prebuilt/darwin-x86/bin/../lib/gcc/arm-linux-androideabi/4.4.3/libgcc.a(_dvmd_lnx.o)
 .note.GNU-stack
                0x00000000        0x0 /Developer/android-ndk-r8b/platforms/android-9/arch-arm/usr/lib/crtend_so.o

Memory Configuration

Name             Origin             Length             Attributes
*default*        0x00000000         0xffffffff

Linker script and memory map

LOAD /Developer/android-ndk-r8b/platforms/android-9/arch-arm/usr/lib/crtbegin_so.o
LOAD debug/rooOpenUDID_platform.os
LOAD debug/rooOpenUDID.os
LOAD debug/rooOpenUDID_register.os
LOAD /Developer/Marmalade/6.1/s3e/edk/lib/android/libedk.a
LOAD /Developer/Marmalade/6.1/s3e/edk/lib/android/libplaceholderplaceholderplaceholderplaceholderplaceholder.so
LOAD /Developer/android-ndk-r8b/platforms/android-9/arch-arm/usr/lib/liblog.so
LOAD /Developer/android-ndk-r8b/sources/cxx-stl/gnu-libstdc++/4.4.3/libs/armeabi/libgnustl_static.a
LOAD /Developer/android-ndk-r8b/toolchains/arm-linux-androideabi-4.4.3/prebuilt/darwin-x86/bin/../lib/gcc/arm-linux-androideabi/4.4.3/libgcc.a
LOAD /Developer/android-ndk-r8b/platforms/android-9/arch-arm/usr/lib/libstdc++.so
LOAD /Developer/android-ndk-r8b/platforms/android-9/arch-arm/usr/lib/libm.so
LOAD /Developer/android-ndk-r8b/platforms/android-9/arch-arm/usr/lib/libc.so
LOAD /Developer/android-ndk-r8b/toolchains/arm-linux-androideabi-4.4.3/prebuilt/darwin-x86/bin/../lib/gcc/arm-linux-androideabi/4.4.3/libgcc.a
LOAD /Developer/android-ndk-r8b/platforms/android-9/arch-arm/usr/lib/libc.so
LOAD /Developer/android-ndk-r8b/platforms/android-9/arch-arm/usr/lib/libdl.so
LOAD /Developer/android-ndk-r8b/toolchains/arm-linux-androideabi-4.4.3/prebuilt/darwin-x86/bin/../lib/gcc/arm-linux-androideabi/4.4.3/libgcc.a
LOAD /Developer/android-ndk-r8b/platforms/android-9/arch-arm/usr/lib/crtend_so.o
                0x000000f4                . = (0x0 + SIZEOF_HEADERS)

.note.gnu.build-id
 *(.note.gnu.build-id)

.hash           0x000000f4      0x31c
 *(.hash)
 .hash          0x000000f4      0x31c /Developer/android-ndk-r8b/platforms/android-9/arch-arm/usr/lib/crtbegin_so.o

.gnu.hash
 *(.gnu.hash)

.dynsym         0x00000410      0x640
 *(.dynsym)
 .dynsym        0x00000410      0x640 /Developer/android-ndk-r8b/platforms/android-9/arch-arm/usr/lib/crtbegin_so.o

.dynstr         0x00000a50      0x672
 *(.dynstr)
 .dynstr        0x00000a50      0x672 /Developer/android-ndk-r8b/platforms/android-9/arch-arm/usr/lib/crtbegin_so.o

.gnu.version    0x000010c2        0x0
 *(.gnu.version)
 .gnu.version   0x00000000        0x0 /Developer/android-ndk-r8b/platforms/android-9/arch-arm/usr/lib/crtbegin_so.o

.gnu.version_d  0x000010c4        0x0 load address 0x000010c2
 *(.gnu.version_d)
 .gnu.version_d
                0x00000000        0x0 /Developer/android-ndk-r8b/platforms/android-9/arch-arm/usr/lib/crtbegin_so.o

.gnu.version_r  0x000010c4        0x0 load address 0x000010c2
 *(.gnu.version_r)
 .gnu.version_r
                0x00000000        0x0 /Developer/android-ndk-r8b/platforms/android-9/arch-arm/usr/lib/crtbegin_so.o

.rel.dyn        0x000010c4       0x88
 *(.rel.init)
 *(.rel.text .rel.text.* .rel.gnu.linkonce.t.*)
 .rel.text      0x000010c4       0x10 /Developer/android-ndk-r8b/platforms/android-9/arch-arm/usr/lib/crtbegin_so.o
 *(.rel.fini)
 *(.rel.rodata .rel.rodata.* .rel.gnu.linkonce.r.*)
 *(.rel.data.rel.ro* .rel.gnu.linkonce.d.rel.ro.*)
 *(.rel.data .rel.data.* .rel.gnu.linkonce.d.*)
 .rel.data      0x000010d4        0x8 /Developer/android-ndk-r8b/platforms/android-9/arch-arm/usr/lib/crtbegin_so.o
 *(.rel.tdata .rel.tdata.* .rel.gnu.linkonce.td.*)
 *(.rel.tbss .rel.tbss.* .rel.gnu.linkonce.tb.*)
 *(.rel.ctors)
 *(.rel.dtors)
 *(.rel.got)
 .rel.got       0x000010dc       0x60 /Developer/android-ndk-r8b/platforms/android-9/arch-arm/usr/lib/crtbegin_so.o
 *(.rel.bss .rel.bss.* .rel.gnu.linkonce.b.*)
 .rel.fini_array
                0x0000113c        0x8 /Developer/android-ndk-r8b/platforms/android-9/arch-arm/usr/lib/crtbegin_so.o
 .rel.init_array
                0x00001144        0x8 /Developer/android-ndk-r8b/platforms/android-9/arch-arm/usr/lib/crtbegin_so.o

.rela.dyn
 *(.rela.init)
 *(.rela.text .rela.text.* .rela.gnu.linkonce.t.*)
 *(.rela.fini)
 *(.rela.rodata .rela.rodata.* .rela.gnu.linkonce.r.*)
 *(.rela.data .rela.data.* .rela.gnu.linkonce.d.*)
 *(.rela.tdata .rela.tdata.* .rela.gnu.linkonce.td.*)
 *(.rela.tbss .rela.tbss.* .rela.gnu.linkonce.tb.*)
 *(.rela.ctors)
 *(.rela.dtors)
 *(.rela.got)
 *(.rela.bss .rela.bss.* .rela.gnu.linkonce.b.*)

.rel.plt        0x0000114c      0x100
 *(.rel.plt)
 .rel.plt       0x0000114c      0x100 /Developer/android-ndk-r8b/platforms/android-9/arch-arm/usr/lib/crtbegin_so.o

.rela.plt
 *(.rela.plt)

.init
 *(.init)

.plt            0x0000124c      0x194
 *(.plt)
 .plt           0x0000124c      0x194 /Developer/android-ndk-r8b/platforms/android-9/arch-arm/usr/lib/crtbegin_so.o

.text           0x000013e0     0x3e94
 *(.text .stub .text.* .gnu.linkonce.t.*)
 .text          0x000013e0       0x28 /Developer/android-ndk-r8b/platforms/android-9/arch-arm/usr/lib/crtbegin_so.o
                0x000013f0                atexit
 .text          0x00001408      0x5cc debug/rooOpenUDID_platform.os
                0x000018e8                _Z29rooOpenUDID_getValue_platformv
                0x00001834                _Z29rooOpenUDIDTerminate_platformv
                0x00001528                _Z24rooOpenUDIDInit_platformv
                0x00001884                _Z34rooOpenUDID_isInitialized_platformv
                0x00001838                _Z25rooOpenUDID_init_platformv
 .text._ZN7_JNIEnv9FindClassEPKc
                0x000019d4       0x38 debug/rooOpenUDID_platform.os
                0x000019d4                _ZN7_JNIEnv9FindClassEPKc
 .text._ZN7_JNIEnv17ExceptionOccurredEv
                0x00001a0c       0x30 debug/rooOpenUDID_platform.os
                0x00001a0c                _ZN7_JNIEnv17ExceptionOccurredEv
 .text._ZN7_JNIEnv17ExceptionDescribeEv
                0x00001a3c       0x28 debug/rooOpenUDID_platform.os
                0x00001a3c                _ZN7_JNIEnv17ExceptionDescribeEv
 .text._ZN7_JNIEnv14ExceptionClearEv
                0x00001a64       0x28 debug/rooOpenUDID_platform.os
                0x00001a64                _ZN7_JNIEnv14ExceptionClearEv
 .text._ZN7_JNIEnv12NewGlobalRefEP8_jobject
                0x00001a8c       0x38 debug/rooOpenUDID_platform.os
                0x00001a8c                _ZN7_JNIEnv12NewGlobalRefEP8_jobject
 .text._ZN7_JNIEnv15DeleteGlobalRefEP8_jobject
                0x00001ac4       0x30 debug/rooOpenUDID_platform.os
                0x00001ac4                _ZN7_JNIEnv15DeleteGlobalRefEP8_jobject
 .text._ZN7_JNIEnv14DeleteLocalRefEP8_jobject
                0x00001af4       0x30 debug/rooOpenUDID_platform.os
                0x00001af4                _ZN7_JNIEnv14DeleteLocalRefEP8_jobject
 .text._ZN7_JNIEnv9NewObjectEP7_jclassP10_jmethodIDz
                0x00001b24       0x5c debug/rooOpenUDID_platform.os
                0x00001b24                _ZN7_JNIEnv9NewObjectEP7_jclassP10_jmethodIDz
 .text._ZN7_JNIEnv11GetMethodIDEP7_jclassPKcS3_
                0x00001b80       0x48 debug/rooOpenUDID_platform.os
                0x00001b80                _ZN7_JNIEnv11GetMethodIDEP7_jclassPKcS3_
 .text._ZN7_JNIEnv16CallObjectMethodEP8_jobjectP10_jmethodIDz
                0x00001bc8       0x5c debug/rooOpenUDID_platform.os
                0x00001bc8                _ZN7_JNIEnv16CallObjectMethodEP8_jobjectP10_jmethodIDz
 .text._ZN7_JNIEnv17CallBooleanMethodEP8_jobjectP10_jmethodIDz
                0x00001c24       0x5c debug/rooOpenUDID_platform.os
                0x00001c24                _ZN7_JNIEnv17CallBooleanMethodEP8_jobjectP10_jmethodIDz
 .text._ZN7_JNIEnv14CallVoidMethodEP8_jobjectP10_jmethodIDz
                0x00001c80       0x4c debug/rooOpenUDID_platform.os
                0x00001c80                _ZN7_JNIEnv14CallVoidMethodEP8_jobjectP10_jmethodIDz
 .text._ZN7_JNIEnv17GetStringUTFCharsEP8_jstringPh
                0x00001ccc       0x40 debug/rooOpenUDID_platform.os
                0x00001ccc                _ZN7_JNIEnv17GetStringUTFCharsEP8_jstringPh
 .text._ZN7_JNIEnv21ReleaseStringUTFCharsEP8_jstringPKc
                0x00001d0c       0x38 debug/rooOpenUDID_platform.os
                0x00001d0c                _ZN7_JNIEnv21ReleaseStringUTFCharsEP8_jstringPKc
 .text._ZN7_JavaVM6GetEnvEPPvi
                0x00001d44       0x40 debug/rooOpenUDID_platform.os
                0x00001d44                _ZN7_JavaVM6GetEnvEPPvi
 .text          0x00001d84       0x54 debug/rooOpenUDID.os
                0x00001d84                _Z15rooOpenUDIDInitv
                0x00001db0                rooOpenUDID_isInitialized
                0x00001d98                _Z20rooOpenUDIDTerminatev
                0x00001da4                rooOpenUDID_init
                0x00001dc4                rooOpenUDID_getValue
 .text          0x00001dd8      0x284 debug/rooOpenUDID_register.os
                0x00001f90                _Z22rooOpenUDIDRegisterExtv
                0x00002050                RegisterExt
 .text          0x0000205c        0x0 /Developer/Marmalade/6.1/s3e/edk/lib/android/libedk.a(IwDebug.o)
 .text.IwAssertRegisterTextCallback
                0x0000205c       0x1c /Developer/Marmalade/6.1/s3e/edk/lib/android/libedk.a(IwDebug.o)
                0x0000205c                IwAssertRegisterTextCallback
 .text.IwAssertRegisterCallback
                0x00002078       0x1c /Developer/Marmalade/6.1/s3e/edk/lib/android/libedk.a(IwDebug.o)
                0x00002078                IwAssertRegisterCallback
 .text.IwDebugTraceSetTraceChannel
                0x00002094       0x1c /Developer/Marmalade/6.1/s3e/edk/lib/android/libedk.a(IwDebug.o)
                0x00002094                IwDebugTraceSetTraceChannel
 .text.IwDebugErrorRegisterCallback
                0x000020b0       0x1c /Developer/Marmalade/6.1/s3e/edk/lib/android/libedk.a(IwDebug.o)
                0x000020b0                IwDebugErrorRegisterCallback
 .text.IwDebugAssertSetUID
                0x000020cc       0x14 /Developer/Marmalade/6.1/s3e/edk/lib/android/libedk.a(IwDebug.o)
                0x000020cc                IwDebugAssertSetUID
 .text._GLOBAL__I_D__sdkbuild_sdk_6.1_modules_iwcore_source_IwDebug.cpp
                0x000020e0       0xa4 /Developer/Marmalade/6.1/s3e/edk/lib/android/libedk.a(IwDebug.o)
 .text.IwDebugClearConfigCache
                0x00002184       0x80 /Developer/Marmalade/6.1/s3e/edk/lib/android/libedk.a(IwDebug.o)
                0x00002184                IwDebugClearConfigCache
 .text.IwDebugErrorShow
                0x00002204       0xec /Developer/Marmalade/6.1/s3e/edk/lib/android/libedk.a(IwDebug.o)
                0x00002204                IwDebugErrorShow
 .text.IwDebugTraceLineVPrintf
                0x000022f0       0xfc /Developer/Marmalade/6.1/s3e/edk/lib/android/libedk.a(IwDebug.o)
                0x000022f0                IwDebugTraceLineVPrintf
 .text.IwDebugAssertIsChannelOn
                0x000023ec      0x204 /Developer/Marmalade/6.1/s3e/edk/lib/android/libedk.a(IwDebug.o)
                0x000023ec                IwDebugAssertIsChannelOn
 .text.IwDebugTraceDisable
                0x000025f0       0x10 /Developer/Marmalade/6.1/s3e/edk/lib/android/libedk.a(IwDebug.o)
                0x000025f0                IwDebugTraceDisable
 .text.IwDebugAssertSetMessage
                0x00002600       0xfc /Developer/Marmalade/6.1/s3e/edk/lib/android/libedk.a(IwDebug.o)
                0x00002600                IwDebugAssertSetMessage
 .text.IwDebugAssertSetSolution
                0x000026fc       0xa0 /Developer/Marmalade/6.1/s3e/edk/lib/android/libedk.a(IwDebug.o)
                0x000026fc                IwDebugAssertSetSolution
 .text.IwDebugAssertShow
                0x0000279c      0x2d0 /Developer/Marmalade/6.1/s3e/edk/lib/android/libedk.a(IwDebug.o)
                0x0000279c                IwDebugAssertShow
 .text.IwDebugTraceIsChannelOn
                0x00002a6c      0x2b8 /Developer/Marmalade/6.1/s3e/edk/lib/android/libedk.a(IwDebug.o)
                0x00002a6c                IwDebugTraceIsChannelOn
 .text.IwDebugTraceChannelSwitch
                0x00002d24      0x4c4 /Developer/Marmalade/6.1/s3e/edk/lib/android/libedk.a(IwDebug.o)
                0x00002d24                IwDebugTraceChannelSwitch
 .text.IwDebugTraceLinePrintf
                0x000031e8      0x10c /Developer/Marmalade/6.1/s3e/edk/lib/android/libedk.a(IwDebug.o)
                0x000031e8                IwDebugTraceLinePrintf
 .text          0x000032f4        0x0 /Developer/Marmalade/6.1/s3e/edk/lib/android/libedk.a(edk_helpers.o)
 .text.s3eEdkThreadRunOnOSAsync
                0x000032f4       0x30 /Developer/Marmalade/6.1/s3e/edk/lib/android/libedk.a(edk_helpers.o)
                0x000032f4                s3eEdkThreadRunOnOSAsync
 .text.s3eEdkThreadRunOnOS
                0x00003324       0x30 /Developer/Marmalade/6.1/s3e/edk/lib/android/libedk.a(edk_helpers.o)
                0x00003324                s3eEdkThreadRunOnOS
 .text.s3eEdkErrorSetString
                0x00003354       0x30 /Developer/Marmalade/6.1/s3e/edk/lib/android/libedk.a(edk_helpers.o)
                0x00003354                s3eEdkErrorSetString
 .text          0x00003384       0x1c /Developer/android-ndk-r8b/toolchains/arm-linux-androideabi-4.4.3/prebuilt/darwin-x86/bin/../lib/gcc/arm-linux-androideabi/4.4.3/libgcc.a(_aeabi_ldivmod.o)
                0x00003384                __aeabi_ldivmod
 .text          0x000033a0       0x88 /Developer/android-ndk-r8b/toolchains/arm-linux-androideabi-4.4.3/prebuilt/darwin-x86/bin/../lib/gcc/arm-linux-androideabi/4.4.3/libgcc.a(bpabi.o)
                0x000033a0                __gnu_uldivmod_helper
                0x000033e4                __gnu_ldivmod_helper
 .text          0x00003428      0xec4 /Developer/android-ndk-r8b/toolchains/arm-linux-androideabi-4.4.3/prebuilt/darwin-x86/bin/../lib/gcc/arm-linux-androideabi/4.4.3/libgcc.a(unwind-arm.o)
                0x00003e50                __gnu_Unwind_RaiseException
                0x000039a8                __aeabi_unwind_cpp_pr0
                0x000034d8                _Unwind_GetCFA
                0x00003474                _Unwind_VRS_Set
                0x00003bec                __gnu_Unwind_Backtrace
                0x00003f80                _Unwind_VRS_Pop
                0x00003998                __aeabi_unwind_cpp_pr2
                0x000034e4                _Unwind_DeleteException
                0x000034e0                _Unwind_Complete
                0x00003f14                __gnu_Unwind_Resume
                0x00003ddc                __gnu_Unwind_ForcedUnwind
                0x00003ef4                __gnu_Unwind_Resume_or_Rethrow
                0x00003428                _Unwind_VRS_Get
                0x000039a0                __aeabi_unwind_cpp_pr1
 .text          0x000042ec      0x1a8 /Developer/android-ndk-r8b/toolchains/arm-linux-androideabi-4.4.3/prebuilt/darwin-x86/bin/../lib/gcc/arm-linux-androideabi/4.4.3/libgcc.a(libunwind.o)
                0x0000444c                ___Unwind_ForcedUnwind
                0x00004308                __gnu_Unwind_Save_VFP
                0x00004428                _Unwind_Resume_or_Rethrow
                0x00004428                ___Unwind_Resume_or_Rethrow
                0x00004470                _Unwind_Backtrace
                0x000042ec                __restore_core_regs
                0x00004328                __gnu_Unwind_Save_VFP_D_16_to_31
                0x00004318                __gnu_Unwind_Save_VFP_D
                0x00004470                ___Unwind_Backtrace
                0x000043e0                ___Unwind_RaiseException
                0x00004404                ___Unwind_Resume
                0x00004330                __gnu_Unwind_Restore_WMMXD
                0x00004300                __gnu_Unwind_Restore_VFP
                0x00004404                _Unwind_Resume
                0x00004310                __gnu_Unwind_Restore_VFP_D
                0x00004320                __gnu_Unwind_Restore_VFP_D_16_to_31
                0x000043e0                _Unwind_RaiseException
                0x000042ec                restore_core_regs
                0x000043cc                __gnu_Unwind_Save_WMMXC
                0x000043b8                __gnu_Unwind_Restore_WMMXC
                0x0000444c                _Unwind_ForcedUnwind
                0x00004374                __gnu_Unwind_Save_WMMXD
 .text          0x00004494      0x484 /Developer/android-ndk-r8b/toolchains/arm-linux-androideabi-4.4.3/prebuilt/darwin-x86/bin/../lib/gcc/arm-linux-androideabi/4.4.3/libgcc.a(pr-support.o)
                0x00004534                _Unwind_GetRegionStart
                0x00004560                __gnu_unwind_execute
                0x000044ec                _Unwind_GetTextRelBase
                0x000044fc                _Unwind_GetLanguageSpecificData
                0x000048d8                __gnu_unwind_frame
                0x000044f4                _Unwind_GetDataRelBase
 .text          0x00004918      0x47c /Developer/android-ndk-r8b/toolchains/arm-linux-androideabi-4.4.3/prebuilt/darwin-x86/bin/../lib/gcc/arm-linux-androideabi/4.4.3/libgcc.a(_divdi3.o)
                0x00004918                __divdi3
 .text          0x00004d94      0x40c /Developer/android-ndk-r8b/toolchains/arm-linux-androideabi-4.4.3/prebuilt/darwin-x86/bin/../lib/gcc/arm-linux-androideabi/4.4.3/libgcc.a(_udivdi3.o)
                0x00004d94                __udivdi3
 .text          0x000051a0       0xc4 /Developer/android-ndk-r8b/toolchains/arm-linux-androideabi-4.4.3/prebuilt/darwin-x86/bin/../lib/gcc/arm-linux-androideabi/4.4.3/libgcc.a(_udivsi3.o)
                0x000051a0                __udivsi3
                0x000051a0                __aeabi_uidiv
                0x0000524c                __aeabi_uidivmod
 .text          0x00005264       0x10 /Developer/android-ndk-r8b/toolchains/arm-linux-androideabi-4.4.3/prebuilt/darwin-x86/bin/../lib/gcc/arm-linux-androideabi/4.4.3/libgcc.a(_dvmd_lnx.o)
                0x00005264                __div0
 .text          0x00005274        0x0 /Developer/android-ndk-r8b/platforms/android-9/arch-arm/usr/lib/crtend_so.o
 *(.gnu.warning)
 *(.glue_7t)
 .glue_7t       0x00000000        0x0 linker stubs
 *(.glue_7)
 .glue_7        0x00000000        0x0 linker stubs
 *(.vfp11_veneer)
 .vfp11_veneer  0x00000000        0x0 linker stubs
 *(.v4_bx)
 .v4_bx         0x00000000        0x0 linker stubs

.fini
 *(.fini)
                0x00005274                PROVIDE (__etext, .)
                0x00005274                PROVIDE (_etext, .)
                0x00005274                PROVIDE (etext, .)

.rodata         0x00005274      0x2cc
 *(.rodata .rodata.* .gnu.linkonce.r.*)
 .rodata        0x00005274       0xd0 debug/rooOpenUDID_platform.os
 .rodata        0x00005344       0xe0 debug/rooOpenUDID_register.os
 .rodata.str1.4
                0x00005424      0x11c /Developer/Marmalade/6.1/s3e/edk/lib/android/libedk.a(IwDebug.o)
                                0x120 (size before relaxing)

.rodata1
 *(.rodata1)

.ARM.extab      0x00005540       0x24
 *(.ARM.extab* .gnu.linkonce.armextab.*)
 .ARM.extab     0x00005540        0x0 /Developer/android-ndk-r8b/platforms/android-9/arch-arm/usr/lib/crtbegin_so.o
 .ARM.extab     0x00005540        0x0 /Developer/android-ndk-r8b/toolchains/arm-linux-androideabi-4.4.3/prebuilt/darwin-x86/bin/../lib/gcc/arm-linux-androideabi/4.4.3/libgcc.a(bpabi.o)
 .ARM.extab     0x00005540       0x24 /Developer/android-ndk-r8b/toolchains/arm-linux-androideabi-4.4.3/prebuilt/darwin-x86/bin/../lib/gcc/arm-linux-androideabi/4.4.3/libgcc.a(unwind-arm.o)
 .ARM.extab     0x00005564        0x0 /Developer/android-ndk-r8b/toolchains/arm-linux-androideabi-4.4.3/prebuilt/darwin-x86/bin/../lib/gcc/arm-linux-androideabi/4.4.3/libgcc.a(pr-support.o)
 .ARM.extab     0x00005564        0x0 /Developer/android-ndk-r8b/toolchains/arm-linux-androideabi-4.4.3/prebuilt/darwin-x86/bin/../lib/gcc/arm-linux-androideabi/4.4.3/libgcc.a(_divdi3.o)
 .ARM.extab     0x00005564        0x0 /Developer/android-ndk-r8b/toolchains/arm-linux-androideabi-4.4.3/prebuilt/darwin-x86/bin/../lib/gcc/arm-linux-androideabi/4.4.3/libgcc.a(_udivdi3.o)
                0x00005564                __exidx_start = .

.ARM.exidx      0x00005564      0x100
 *(.ARM.exidx* .gnu.linkonce.armexidx.*)
 .ARM.exidx     0x00005564        0x8 /Developer/android-ndk-r8b/platforms/android-9/arch-arm/usr/lib/crtbegin_so.o
 .ARM.exidx     0x0000556c       0x10 /Developer/android-ndk-r8b/toolchains/arm-linux-androideabi-4.4.3/prebuilt/darwin-x86/bin/../lib/gcc/arm-linux-androideabi/4.4.3/libgcc.a(bpabi.o)
 .ARM.exidx     0x0000557c       0xa0 /Developer/android-ndk-r8b/toolchains/arm-linux-androideabi-4.4.3/prebuilt/darwin-x86/bin/../lib/gcc/arm-linux-androideabi/4.4.3/libgcc.a(unwind-arm.o)
 .ARM.exidx     0x0000561c       0x38 /Developer/android-ndk-r8b/toolchains/arm-linux-androideabi-4.4.3/prebuilt/darwin-x86/bin/../lib/gcc/arm-linux-androideabi/4.4.3/libgcc.a(pr-support.o)
 .ARM.exidx     0x00005654        0x8 /Developer/android-ndk-r8b/toolchains/arm-linux-androideabi-4.4.3/prebuilt/darwin-x86/bin/../lib/gcc/arm-linux-androideabi/4.4.3/libgcc.a(_divdi3.o)
 .ARM.exidx     0x0000565c        0x8 /Developer/android-ndk-r8b/toolchains/arm-linux-androideabi-4.4.3/prebuilt/darwin-x86/bin/../lib/gcc/arm-linux-androideabi/4.4.3/libgcc.a(_udivdi3.o)
                0x00005664                __exidx_end = .

.eh_frame_hdr
 *(.eh_frame_hdr)

.eh_frame
 *(.eh_frame)

.gcc_except_table
 *(.gcc_except_table .gcc_except_table.*)
                0x00005664                . = (ALIGN (0x1000) - ((0x1000 - .) & 0xfff))
                0x00006e2c                . = (0x1000 DATA_SEGMENT_ALIGN 0x1000)

.eh_frame
 *(.eh_frame)

.gcc_except_table
 *(.gcc_except_table .gcc_except_table.*)

.tdata
 *(.tdata .tdata.* .gnu.linkonce.td.*)

.tbss
 *(.tbss .tbss.* .gnu.linkonce.tb.*)
 *(.tcommon)

.preinit_array
 *(.preinit_array)

.init_array     0x00006e2c        0xc
 *(SORT(.init_array.*))
 *(.init_array)
 .init_array    0x00006e2c        0x4 /Developer/android-ndk-r8b/platforms/android-9/arch-arm/usr/lib/crtbegin_so.o
                0x00006e2c                __INIT_ARRAY__
 .init_array    0x00006e30        0x4 /Developer/Marmalade/6.1/s3e/edk/lib/android/libedk.a(IwDebug.o)
 .init_array    0x00006e34        0x4 /Developer/android-ndk-r8b/platforms/android-9/arch-arm/usr/lib/crtend_so.o

.fini_array     0x00006e38        0xc
 *(.fini_array)
 .fini_array    0x00006e38        0x8 /Developer/android-ndk-r8b/platforms/android-9/arch-arm/usr/lib/crtbegin_so.o
                0x00006e38                __FINI_ARRAY__
 .fini_array    0x00006e40        0x4 /Developer/android-ndk-r8b/platforms/android-9/arch-arm/usr/lib/crtend_so.o
 *(SORT(.fini_array.*))

.ctors
 *crtbegin.o(.ctors)
 *crtbegin?.o(.ctors)
 *(EXCLUDE_FILE(*crtend?.o *crtend.o) .ctors)
 *(SORT(.ctors.*))
 *(.ctors)

.dtors
 *crtbegin.o(.dtors)
 *crtbegin?.o(.dtors)
 *(EXCLUDE_FILE(*crtend?.o *crtend.o) .dtors)
 *(SORT(.dtors.*))
 *(.dtors)

.jcr
 *(.jcr)

.data.rel.ro
 *(.data.rel.ro.local* .gnu.linkonce.d.rel.ro.local.*)
 *(.data.rel.ro* .gnu.linkonce.d.rel.ro.*)

.dynamic        0x00006e44      0x100
 *(.dynamic)
 .dynamic       0x00006e44      0x100 /Developer/android-ndk-r8b/platforms/android-9/arch-arm/usr/lib/crtbegin_so.o
                0x00006e44                _DYNAMIC

.got            0x00006f44       0xbc
 *(.got.plt)
 .got.plt       0x00006f44       0x8c /Developer/android-ndk-r8b/platforms/android-9/arch-arm/usr/lib/crtbegin_so.o
                0x00006f44                _GLOBAL_OFFSET_TABLE_
 *(.got)
 .got           0x00006fd0       0x30 /Developer/android-ndk-r8b/platforms/android-9/arch-arm/usr/lib/crtbegin_so.o
                0x00007000                . = (. DATA_SEGMENT_RELRO_END 0x0)

.data           0x00007000       0x10
                0x00007000                __data_start = .
 *(.data .data.* .gnu.linkonce.d.*)
 .data          0x00007000       0x10 /Developer/android-ndk-r8b/platforms/android-9/arch-arm/usr/lib/crtbegin_so.o
                0x00007000                __dso_handle
 .data          0x00007010        0x0 debug/rooOpenUDID_platform.os
 .data          0x00007010        0x0 debug/rooOpenUDID.os
 .data          0x00007010        0x0 debug/rooOpenUDID_register.os
 .data          0x00007010        0x0 /Developer/Marmalade/6.1/s3e/edk/lib/android/libedk.a(IwDebug.o)
 .data          0x00007010        0x0 /Developer/Marmalade/6.1/s3e/edk/lib/android/libedk.a(edk_helpers.o)
 .data          0x00007010        0x0 /Developer/android-ndk-r8b/toolchains/arm-linux-androideabi-4.4.3/prebuilt/darwin-x86/bin/../lib/gcc/arm-linux-androideabi/4.4.3/libgcc.a(_aeabi_ldivmod.o)
 .data          0x00007010        0x0 /Developer/android-ndk-r8b/toolchains/arm-linux-androideabi-4.4.3/prebuilt/darwin-x86/bin/../lib/gcc/arm-linux-androideabi/4.4.3/libgcc.a(bpabi.o)
 .data          0x00007010        0x0 /Developer/android-ndk-r8b/toolchains/arm-linux-androideabi-4.4.3/prebuilt/darwin-x86/bin/../lib/gcc/arm-linux-androideabi/4.4.3/libgcc.a(unwind-arm.o)
 .data          0x00007010        0x0 /Developer/android-ndk-r8b/toolchains/arm-linux-androideabi-4.4.3/prebuilt/darwin-x86/bin/../lib/gcc/arm-linux-androideabi/4.4.3/libgcc.a(libunwind.o)
 .data          0x00007010        0x0 /Developer/android-ndk-r8b/toolchains/arm-linux-androideabi-4.4.3/prebuilt/darwin-x86/bin/../lib/gcc/arm-linux-androideabi/4.4.3/libgcc.a(pr-support.o)
 .data          0x00007010        0x0 /Developer/android-ndk-r8b/toolchains/arm-linux-androideabi-4.4.3/prebuilt/darwin-x86/bin/../lib/gcc/arm-linux-androideabi/4.4.3/libgcc.a(_divdi3.o)
 .data          0x00007010        0x0 /Developer/android-ndk-r8b/toolchains/arm-linux-androideabi-4.4.3/prebuilt/darwin-x86/bin/../lib/gcc/arm-linux-androideabi/4.4.3/libgcc.a(_udivdi3.o)
 .data          0x00007010        0x0 /Developer/android-ndk-r8b/toolchains/arm-linux-androideabi-4.4.3/prebuilt/darwin-x86/bin/../lib/gcc/arm-linux-androideabi/4.4.3/libgcc.a(_udivsi3.o)
 .data          0x00007010        0x0 /Developer/android-ndk-r8b/toolchains/arm-linux-androideabi-4.4.3/prebuilt/darwin-x86/bin/../lib/gcc/arm-linux-androideabi/4.4.3/libgcc.a(_dvmd_lnx.o)
 .data          0x00007010        0x0 /Developer/android-ndk-r8b/platforms/android-9/arch-arm/usr/lib/crtend_so.o

.data1
 *(.data1)
                0x00007010                _edata = .
                0x00007010                PROVIDE (edata, .)
                0x00007010                __bss_start = .
                0x00007010                __bss_start__ = .

.bss            0x00007010     0x1a3c
 *(.dynbss)
 .dynbss        0x00000000        0x0 /Developer/android-ndk-r8b/platforms/android-9/arch-arm/usr/lib/crtbegin_so.o
 *(.bss .bss.* .gnu.linkonce.b.*)
 .bss           0x00007010        0x0 /Developer/android-ndk-r8b/platforms/android-9/arch-arm/usr/lib/crtbegin_so.o
 .bss           0x00007010       0x14 debug/rooOpenUDID_platform.os
                0x00007010                g_Str
 .bss           0x00007024        0x0 debug/rooOpenUDID.os
 .bss           0x00007024        0x0 debug/rooOpenUDID_register.os
 .bss           0x00007024     0x1a28 /Developer/Marmalade/6.1/s3e/edk/lib/android/libedk.a(IwDebug.o)
                0x00007024                g_DebugGlobals
 .bss           0x00008a4c        0x0 /Developer/Marmalade/6.1/s3e/edk/lib/android/libedk.a(edk_helpers.o)
 .bss           0x00008a4c        0x0 /Developer/android-ndk-r8b/toolchains/arm-linux-androideabi-4.4.3/prebuilt/darwin-x86/bin/../lib/gcc/arm-linux-androideabi/4.4.3/libgcc.a(_aeabi_ldivmod.o)
 .bss           0x00008a4c        0x0 /Developer/android-ndk-r8b/toolchains/arm-linux-androideabi-4.4.3/prebuilt/darwin-x86/bin/../lib/gcc/arm-linux-androideabi/4.4.3/libgcc.a(bpabi.o)
 .bss           0x00008a4c        0x0 /Developer/android-ndk-r8b/toolchains/arm-linux-androideabi-4.4.3/prebuilt/darwin-x86/bin/../lib/gcc/arm-linux-androideabi/4.4.3/libgcc.a(unwind-arm.o)
 .bss           0x00008a4c        0x0 /Developer/android-ndk-r8b/toolchains/arm-linux-androideabi-4.4.3/prebuilt/darwin-x86/bin/../lib/gcc/arm-linux-androideabi/4.4.3/libgcc.a(libunwind.o)
 .bss           0x00008a4c        0x0 /Developer/android-ndk-r8b/toolchains/arm-linux-androideabi-4.4.3/prebuilt/darwin-x86/bin/../lib/gcc/arm-linux-androideabi/4.4.3/libgcc.a(pr-support.o)
 .bss           0x00008a4c        0x0 /Developer/android-ndk-r8b/toolchains/arm-linux-androideabi-4.4.3/prebuilt/darwin-x86/bin/../lib/gcc/arm-linux-androideabi/4.4.3/libgcc.a(_divdi3.o)
 .bss           0x00008a4c        0x0 /Developer/android-ndk-r8b/toolchains/arm-linux-androideabi-4.4.3/prebuilt/darwin-x86/bin/../lib/gcc/arm-linux-androideabi/4.4.3/libgcc.a(_udivdi3.o)
 .bss           0x00008a4c        0x0 /Developer/android-ndk-r8b/toolchains/arm-linux-androideabi-4.4.3/prebuilt/darwin-x86/bin/../lib/gcc/arm-linux-androideabi/4.4.3/libgcc.a(_udivsi3.o)
 .bss           0x00008a4c        0x0 /Developer/android-ndk-r8b/toolchains/arm-linux-androideabi-4.4.3/prebuilt/darwin-x86/bin/../lib/gcc/arm-linux-androideabi/4.4.3/libgcc.a(_dvmd_lnx.o)
 .bss           0x00008a4c        0x0 /Developer/android-ndk-r8b/platforms/android-9/arch-arm/usr/lib/crtend_so.o
 *(COMMON)
                0x00008a4c                . = ALIGN ((. != 0x0)?0x4:0x1)
                0x00008a4c                _bss_end__ = .
                0x00008a4c                __bss_end__ = .
                0x00008a4c                . = ALIGN (0x4)
                0x00008a4c                . = ALIGN (0x4)
                0x00008a4c                __end__ = .
                0x00008a4c                _end = .
                0x00008a4c                PROVIDE (end, .)
                0x00008a4c                . = DATA_SEGMENT_END (.)

.stab
 *(.stab)

.stabstr
 *(.stabstr)

.stab.excl
 *(.stab.excl)

.stab.exclstr
 *(.stab.exclstr)

.stab.index
 *(.stab.index)

.stab.indexstr
 *(.stab.indexstr)

.comment        0x00000000       0xb4
 *(.comment)
 .comment       0x00000000       0x12 debug/rooOpenUDID_platform.os
 .comment       0x00000012       0x12 debug/rooOpenUDID.os
 .comment       0x00000024       0x12 debug/rooOpenUDID_register.os
 .comment       0x00000036       0x12 /Developer/Marmalade/6.1/s3e/edk/lib/android/libedk.a(IwDebug.o)
 .comment       0x00000048       0x12 /Developer/Marmalade/6.1/s3e/edk/lib/android/libedk.a(edk_helpers.o)
 .comment       0x0000005a       0x12 /Developer/android-ndk-r8b/toolchains/arm-linux-androideabi-4.4.3/prebuilt/darwin-x86/bin/../lib/gcc/arm-linux-androideabi/4.4.3/libgcc.a(bpabi.o)
 .comment       0x0000006c       0x12 /Developer/android-ndk-r8b/toolchains/arm-linux-androideabi-4.4.3/prebuilt/darwin-x86/bin/../lib/gcc/arm-linux-androideabi/4.4.3/libgcc.a(unwind-arm.o)
 .comment       0x0000007e       0x12 /Developer/android-ndk-r8b/toolchains/arm-linux-androideabi-4.4.3/prebuilt/darwin-x86/bin/../lib/gcc/arm-linux-androideabi/4.4.3/libgcc.a(pr-support.o)
 .comment       0x00000090       0x12 /Developer/android-ndk-r8b/toolchains/arm-linux-androideabi-4.4.3/prebuilt/darwin-x86/bin/../lib/gcc/arm-linux-androideabi/4.4.3/libgcc.a(_divdi3.o)
 .comment       0x000000a2       0x12 /Developer/android-ndk-r8b/toolchains/arm-linux-androideabi-4.4.3/prebuilt/darwin-x86/bin/../lib/gcc/arm-linux-androideabi/4.4.3/libgcc.a(_udivdi3.o)

.debug
 *(.debug)

.line
 *(.line)

.debug_srcinfo
 *(.debug_srcinfo)

.debug_sfnames
 *(.debug_sfnames)

.debug_aranges  0x00000000      0x1f8
 *(.debug_aranges)
 .debug_aranges
                0x00000000       0x98 debug/rooOpenUDID_platform.os
 .debug_aranges
                0x00000098       0x20 debug/rooOpenUDID.os
 .debug_aranges
                0x000000b8       0x20 debug/rooOpenUDID_register.os
 .debug_aranges
                0x000000d8       0x20 /Developer/android-ndk-r8b/toolchains/arm-linux-androideabi-4.4.3/prebuilt/darwin-x86/bin/../lib/gcc/arm-linux-androideabi/4.4.3/libgcc.a(_aeabi_ldivmod.o)
 .debug_aranges
                0x000000f8       0x20 /Developer/android-ndk-r8b/toolchains/arm-linux-androideabi-4.4.3/prebuilt/darwin-x86/bin/../lib/gcc/arm-linux-androideabi/4.4.3/libgcc.a(bpabi.o)
 .debug_aranges
                0x00000118       0x20 /Developer/android-ndk-r8b/toolchains/arm-linux-androideabi-4.4.3/prebuilt/darwin-x86/bin/../lib/gcc/arm-linux-androideabi/4.4.3/libgcc.a(unwind-arm.o)
 .debug_aranges
                0x00000138       0x20 /Developer/android-ndk-r8b/toolchains/arm-linux-androideabi-4.4.3/prebuilt/darwin-x86/bin/../lib/gcc/arm-linux-androideabi/4.4.3/libgcc.a(libunwind.o)
 .debug_aranges
                0x00000158       0x20 /Developer/android-ndk-r8b/toolchains/arm-linux-androideabi-4.4.3/prebuilt/darwin-x86/bin/../lib/gcc/arm-linux-androideabi/4.4.3/libgcc.a(pr-support.o)
 .debug_aranges
                0x00000178       0x20 /Developer/android-ndk-r8b/toolchains/arm-linux-androideabi-4.4.3/prebuilt/darwin-x86/bin/../lib/gcc/arm-linux-androideabi/4.4.3/libgcc.a(_divdi3.o)
 .debug_aranges
                0x00000198       0x20 /Developer/android-ndk-r8b/toolchains/arm-linux-androideabi-4.4.3/prebuilt/darwin-x86/bin/../lib/gcc/arm-linux-androideabi/4.4.3/libgcc.a(_udivdi3.o)
 .debug_aranges
                0x000001b8       0x20 /Developer/android-ndk-r8b/toolchains/arm-linux-androideabi-4.4.3/prebuilt/darwin-x86/bin/../lib/gcc/arm-linux-androideabi/4.4.3/libgcc.a(_udivsi3.o)
 .debug_aranges
                0x000001d8       0x20 /Developer/android-ndk-r8b/toolchains/arm-linux-androideabi-4.4.3/prebuilt/darwin-x86/bin/../lib/gcc/arm-linux-androideabi/4.4.3/libgcc.a(_dvmd_lnx.o)

.debug_pubnames
                0x00000000      0x5df
 *(.debug_pubnames)
 .debug_pubnames
                0x00000000      0x265 debug/rooOpenUDID_platform.os
 .debug_pubnames
                0x00000265       0x8b debug/rooOpenUDID.os
 .debug_pubnames
                0x000002f0       0x3d debug/rooOpenUDID_register.os
 .debug_pubnames
                0x0000032d       0x45 /Developer/android-ndk-r8b/toolchains/arm-linux-androideabi-4.4.3/prebuilt/darwin-x86/bin/../lib/gcc/arm-linux-androideabi/4.4.3/libgcc.a(bpabi.o)
 .debug_pubnames
                0x00000372      0x177 /Developer/android-ndk-r8b/toolchains/arm-linux-androideabi-4.4.3/prebuilt/darwin-x86/bin/../lib/gcc/arm-linux-androideabi/4.4.3/libgcc.a(unwind-arm.o)
 .debug_pubnames
                0x000004e9       0xb7 /Developer/android-ndk-r8b/toolchains/arm-linux-androideabi-4.4.3/prebuilt/darwin-x86/bin/../lib/gcc/arm-linux-androideabi/4.4.3/libgcc.a(pr-support.o)
 .debug_pubnames
                0x000005a0       0x1f /Developer/android-ndk-r8b/toolchains/arm-linux-androideabi-4.4.3/prebuilt/darwin-x86/bin/../lib/gcc/arm-linux-androideabi/4.4.3/libgcc.a(_divdi3.o)
 .debug_pubnames
                0x000005bf       0x20 /Developer/android-ndk-r8b/toolchains/arm-linux-androideabi-4.4.3/prebuilt/darwin-x86/bin/../lib/gcc/arm-linux-androideabi/4.4.3/libgcc.a(_udivdi3.o)

.debug_info     0x00000000     0x88ab
 *(.debug_info .gnu.linkonce.wi.*)
 .debug_info    0x00000000     0x5bd5 debug/rooOpenUDID_platform.os
 .debug_info    0x00005bd5      0x116 debug/rooOpenUDID.os
 .debug_info    0x00005ceb      0x143 debug/rooOpenUDID_register.os
 .debug_info    0x00005e2e       0xd9 /Developer/android-ndk-r8b/toolchains/arm-linux-androideabi-4.4.3/prebuilt/darwin-x86/bin/../lib/gcc/arm-linux-androideabi/4.4.3/libgcc.a(_aeabi_ldivmod.o)
 .debug_info    0x00005f07       0xde /Developer/android-ndk-r8b/toolchains/arm-linux-androideabi-4.4.3/prebuilt/darwin-x86/bin/../lib/gcc/arm-linux-androideabi/4.4.3/libgcc.a(bpabi.o)
 .debug_info    0x00005fe5     0x1424 /Developer/android-ndk-r8b/toolchains/arm-linux-androideabi-4.4.3/prebuilt/darwin-x86/bin/../lib/gcc/arm-linux-androideabi/4.4.3/libgcc.a(unwind-arm.o)
 .debug_info    0x00007409       0xdd /Developer/android-ndk-r8b/toolchains/arm-linux-androideabi-4.4.3/prebuilt/darwin-x86/bin/../lib/gcc/arm-linux-androideabi/4.4.3/libgcc.a(libunwind.o)
 .debug_info    0x000074e6      0x636 /Developer/android-ndk-r8b/toolchains/arm-linux-androideabi-4.4.3/prebuilt/darwin-x86/bin/../lib/gcc/arm-linux-androideabi/4.4.3/libgcc.a(pr-support.o)
 .debug_info    0x00007b1c      0x606 /Developer/android-ndk-r8b/toolchains/arm-linux-androideabi-4.4.3/prebuilt/darwin-x86/bin/../lib/gcc/arm-linux-androideabi/4.4.3/libgcc.a(_divdi3.o)
 .debug_info    0x00008122      0x5cb /Developer/android-ndk-r8b/toolchains/arm-linux-androideabi-4.4.3/prebuilt/darwin-x86/bin/../lib/gcc/arm-linux-androideabi/4.4.3/libgcc.a(_udivdi3.o)
 .debug_info    0x000086ed       0xdf /Developer/android-ndk-r8b/toolchains/arm-linux-androideabi-4.4.3/prebuilt/darwin-x86/bin/../lib/gcc/arm-linux-androideabi/4.4.3/libgcc.a(_udivsi3.o)
 .debug_info    0x000087cc       0xdf /Developer/android-ndk-r8b/toolchains/arm-linux-androideabi-4.4.3/prebuilt/darwin-x86/bin/../lib/gcc/arm-linux-androideabi/4.4.3/libgcc.a(_dvmd_lnx.o)

.debug_abbrev   0x00000000      0xd8a
 *(.debug_abbrev)
 .debug_abbrev  0x00000000      0x282 debug/rooOpenUDID_platform.os
 .debug_abbrev  0x00000282       0xb3 debug/rooOpenUDID.os
 .debug_abbrev  0x00000335       0xc8 debug/rooOpenUDID_register.os
 .debug_abbrev  0x000003fd       0x14 /Developer/android-ndk-r8b/toolchains/arm-linux-androideabi-4.4.3/prebuilt/darwin-x86/bin/../lib/gcc/arm-linux-androideabi/4.4.3/libgcc.a(_aeabi_ldivmod.o)
 .debug_abbrev  0x00000411       0x6a /Developer/android-ndk-r8b/toolchains/arm-linux-androideabi-4.4.3/prebuilt/darwin-x86/bin/../lib/gcc/arm-linux-androideabi/4.4.3/libgcc.a(bpabi.o)
 .debug_abbrev  0x0000047b      0x3bb /Developer/android-ndk-r8b/toolchains/arm-linux-androideabi-4.4.3/prebuilt/darwin-x86/bin/../lib/gcc/arm-linux-androideabi/4.4.3/libgcc.a(unwind-arm.o)
 .debug_abbrev  0x00000836       0x14 /Developer/android-ndk-r8b/toolchains/arm-linux-androideabi-4.4.3/prebuilt/darwin-x86/bin/../lib/gcc/arm-linux-androideabi/4.4.3/libgcc.a(libunwind.o)
 .debug_abbrev  0x0000084a      0x220 /Developer/android-ndk-r8b/toolchains/arm-linux-androideabi-4.4.3/prebuilt/darwin-x86/bin/../lib/gcc/arm-linux-androideabi/4.4.3/libgcc.a(pr-support.o)
 .debug_abbrev  0x00000a6a      0x18b /Developer/android-ndk-r8b/toolchains/arm-linux-androideabi-4.4.3/prebuilt/darwin-x86/bin/../lib/gcc/arm-linux-androideabi/4.4.3/libgcc.a(_divdi3.o)
 .debug_abbrev  0x00000bf5      0x16d /Developer/android-ndk-r8b/toolchains/arm-linux-androideabi-4.4.3/prebuilt/darwin-x86/bin/../lib/gcc/arm-linux-androideabi/4.4.3/libgcc.a(_udivdi3.o)
 .debug_abbrev  0x00000d62       0x14 /Developer/android-ndk-r8b/toolchains/arm-linux-androideabi-4.4.3/prebuilt/darwin-x86/bin/../lib/gcc/arm-linux-androideabi/4.4.3/libgcc.a(_udivsi3.o)
 .debug_abbrev  0x00000d76       0x14 /Developer/android-ndk-r8b/toolchains/arm-linux-androideabi-4.4.3/prebuilt/darwin-x86/bin/../lib/gcc/arm-linux-androideabi/4.4.3/libgcc.a(_dvmd_lnx.o)

.debug_line     0x00000000     0x10e5
 *(.debug_line)
 .debug_line    0x00000000      0x2fe debug/rooOpenUDID_platform.os
 .debug_line    0x000002fe       0xc3 debug/rooOpenUDID.os
 .debug_line    0x000003c1       0xbc debug/rooOpenUDID_register.os
 .debug_line    0x0000047d       0x95 /Developer/android-ndk-r8b/toolchains/arm-linux-androideabi-4.4.3/prebuilt/darwin-x86/bin/../lib/gcc/arm-linux-androideabi/4.4.3/libgcc.a(_aeabi_ldivmod.o)
 .debug_line    0x00000512       0x9b /Developer/android-ndk-r8b/toolchains/arm-linux-androideabi-4.4.3/prebuilt/darwin-x86/bin/../lib/gcc/arm-linux-androideabi/4.4.3/libgcc.a(bpabi.o)
 .debug_line    0x000005ad      0x4b6 /Developer/android-ndk-r8b/toolchains/arm-linux-androideabi-4.4.3/prebuilt/darwin-x86/bin/../lib/gcc/arm-linux-androideabi/4.4.3/libgcc.a(unwind-arm.o)
 .debug_line    0x00000a63       0xe1 /Developer/android-ndk-r8b/toolchains/arm-linux-androideabi-4.4.3/prebuilt/darwin-x86/bin/../lib/gcc/arm-linux-androideabi/4.4.3/libgcc.a(libunwind.o)
 .debug_line    0x00000b44      0x1b6 /Developer/android-ndk-r8b/toolchains/arm-linux-androideabi-4.4.3/prebuilt/darwin-x86/bin/../lib/gcc/arm-linux-androideabi/4.4.3/libgcc.a(pr-support.o)
 .debug_line    0x00000cfa      0x152 /Developer/android-ndk-r8b/toolchains/arm-linux-androideabi-4.4.3/prebuilt/darwin-x86/bin/../lib/gcc/arm-linux-androideabi/4.4.3/libgcc.a(_divdi3.o)
 .debug_line    0x00000e4c      0x142 /Developer/android-ndk-r8b/toolchains/arm-linux-androideabi-4.4.3/prebuilt/darwin-x86/bin/../lib/gcc/arm-linux-androideabi/4.4.3/libgcc.a(_udivdi3.o)
 .debug_line    0x00000f8e       0xbc /Developer/android-ndk-r8b/toolchains/arm-linux-androideabi-4.4.3/prebuilt/darwin-x86/bin/../lib/gcc/arm-linux-androideabi/4.4.3/libgcc.a(_udivsi3.o)
 .debug_line    0x0000104a       0x9b /Developer/android-ndk-r8b/toolchains/arm-linux-androideabi-4.4.3/prebuilt/darwin-x86/bin/../lib/gcc/arm-linux-androideabi/4.4.3/libgcc.a(_dvmd_lnx.o)

.debug_frame    0x00000000      0x844
 *(.debug_frame)
 .debug_frame   0x00000000      0x2a8 debug/rooOpenUDID_platform.os
 .debug_frame   0x000002a8       0x9c debug/rooOpenUDID.os
 .debug_frame   0x00000344       0x9c debug/rooOpenUDID_register.os
 .debug_frame   0x000003e0       0x60 /Developer/android-ndk-r8b/toolchains/arm-linux-androideabi-4.4.3/prebuilt/darwin-x86/bin/../lib/gcc/arm-linux-androideabi/4.4.3/libgcc.a(bpabi.o)
 .debug_frame   0x00000440      0x248 /Developer/android-ndk-r8b/toolchains/arm-linux-androideabi-4.4.3/prebuilt/darwin-x86/bin/../lib/gcc/arm-linux-androideabi/4.4.3/libgcc.a(unwind-arm.o)
 .debug_frame   0x00000688      0x108 /Developer/android-ndk-r8b/toolchains/arm-linux-androideabi-4.4.3/prebuilt/darwin-x86/bin/../lib/gcc/arm-linux-androideabi/4.4.3/libgcc.a(pr-support.o)
 .debug_frame   0x00000790       0x44 /Developer/android-ndk-r8b/toolchains/arm-linux-androideabi-4.4.3/prebuilt/darwin-x86/bin/../lib/gcc/arm-linux-androideabi/4.4.3/libgcc.a(_divdi3.o)
 .debug_frame   0x000007d4       0x48 /Developer/android-ndk-r8b/toolchains/arm-linux-androideabi-4.4.3/prebuilt/darwin-x86/bin/../lib/gcc/arm-linux-androideabi/4.4.3/libgcc.a(_udivdi3.o)
 .debug_frame   0x0000081c       0x28 /Developer/android-ndk-r8b/toolchains/arm-linux-androideabi-4.4.3/prebuilt/darwin-x86/bin/../lib/gcc/arm-linux-androideabi/4.4.3/libgcc.a(_udivsi3.o)

.debug_str      0x00000000     0x54f2
 *(.debug_str)
 .debug_str     0x00000000     0x482b debug/rooOpenUDID_platform.os
                               0x49ac (size before relaxing)
 .debug_str     0x0000482b       0xad debug/rooOpenUDID.os
                                0x1ae (size before relaxing)
 .debug_str     0x000048d8       0xed debug/rooOpenUDID_register.os
                                0x19b (size before relaxing)
 .debug_str     0x000049c5       0xa9 /Developer/android-ndk-r8b/toolchains/arm-linux-androideabi-4.4.3/prebuilt/darwin-x86/bin/../lib/gcc/arm-linux-androideabi/4.4.3/libgcc.a(bpabi.o)
                                 0xce (size before relaxing)
 .debug_str     0x00004a6e      0x804 /Developer/android-ndk-r8b/toolchains/arm-linux-androideabi-4.4.3/prebuilt/darwin-x86/bin/../lib/gcc/arm-linux-androideabi/4.4.3/libgcc.a(unwind-arm.o)
                                0x8e4 (size before relaxing)
 .debug_str     0x00005272      0x12d /Developer/android-ndk-r8b/toolchains/arm-linux-androideabi-4.4.3/prebuilt/darwin-x86/bin/../lib/gcc/arm-linux-androideabi/4.4.3/libgcc.a(pr-support.o)
                                0x44a (size before relaxing)
 .debug_str     0x0000539f      0x149 /Developer/android-ndk-r8b/toolchains/arm-linux-androideabi-4.4.3/prebuilt/darwin-x86/bin/../lib/gcc/arm-linux-androideabi/4.4.3/libgcc.a(_divdi3.o)
                                0x1f9 (size before relaxing)
 .debug_str     0x000054e8        0xa /Developer/android-ndk-r8b/toolchains/arm-linux-androideabi-4.4.3/prebuilt/darwin-x86/bin/../lib/gcc/arm-linux-androideabi/4.4.3/libgcc.a(_udivdi3.o)
                                0x1fa (size before relaxing)

.debug_loc      0x00000000     0x2651
 *(.debug_loc)
 .debug_loc     0x00000000      0x3f8 debug/rooOpenUDID_platform.os
 .debug_loc     0x000003f8       0xa0 debug/rooOpenUDID.os
 .debug_loc     0x00000498       0xac debug/rooOpenUDID_register.os
 .debug_loc     0x00000544      0x120 /Developer/android-ndk-r8b/toolchains/arm-linux-androideabi-4.4.3/prebuilt/darwin-x86/bin/../lib/gcc/arm-linux-androideabi/4.4.3/libgcc.a(bpabi.o)
 .debug_loc     0x00000664      0xfef /Developer/android-ndk-r8b/toolchains/arm-linux-androideabi-4.4.3/prebuilt/darwin-x86/bin/../lib/gcc/arm-linux-androideabi/4.4.3/libgcc.a(unwind-arm.o)
 .debug_loc     0x00001653      0x2f9 /Developer/android-ndk-r8b/toolchains/arm-linux-androideabi-4.4.3/prebuilt/darwin-x86/bin/../lib/gcc/arm-linux-androideabi/4.4.3/libgcc.a(pr-support.o)
 .debug_loc     0x0000194c      0x6cf /Developer/android-ndk-r8b/toolchains/arm-linux-androideabi-4.4.3/prebuilt/darwin-x86/bin/../lib/gcc/arm-linux-androideabi/4.4.3/libgcc.a(_divdi3.o)
 .debug_loc     0x0000201b      0x636 /Developer/android-ndk-r8b/toolchains/arm-linux-androideabi-4.4.3/prebuilt/darwin-x86/bin/../lib/gcc/arm-linux-androideabi/4.4.3/libgcc.a(_udivdi3.o)

.debug_macinfo
 *(.debug_macinfo)

.debug_weaknames
 *(.debug_weaknames)

.debug_funcnames
 *(.debug_funcnames)

.debug_typenames
 *(.debug_typenames)

.debug_varnames
 *(.debug_varnames)

.debug_pubtypes
 *(.debug_pubtypes)

.debug_ranges   0x00000000      0x418
 *(.debug_ranges)
 .debug_ranges  0x00000000       0xc8 debug/rooOpenUDID_platform.os
 .debug_ranges  0x000000c8      0x1f8 /Developer/android-ndk-r8b/toolchains/arm-linux-androideabi-4.4.3/prebuilt/darwin-x86/bin/../lib/gcc/arm-linux-androideabi/4.4.3/libgcc.a(unwind-arm.o)
 .debug_ranges  0x000002c0       0x30 /Developer/android-ndk-r8b/toolchains/arm-linux-androideabi-4.4.3/prebuilt/darwin-x86/bin/../lib/gcc/arm-linux-androideabi/4.4.3/libgcc.a(pr-support.o)
 .debug_ranges  0x000002f0       0xa0 /Developer/android-ndk-r8b/toolchains/arm-linux-androideabi-4.4.3/prebuilt/darwin-x86/bin/../lib/gcc/arm-linux-androideabi/4.4.3/libgcc.a(_divdi3.o)
 .debug_ranges  0x00000390       0x88 /Developer/android-ndk-r8b/toolchains/arm-linux-androideabi-4.4.3/prebuilt/darwin-x86/bin/../lib/gcc/arm-linux-androideabi/4.4.3/libgcc.a(_udivdi3.o)

.gnu.attributes
 *(.gnu.attributes)

.note.gnu.arm.ident
 *(.note.gnu.arm.ident)

/DISCARD/
 *(.note.GNU-stack)
 *(.gnu_debuglink)
OUTPUT(/Users/jmulro/Work/bloodwar/client/extensions/rooOpenUDID/lib/android/librooOpenUDID_d.so elf32-littlearm)

.ARM.attributes
                0x00000000       0x31
 .ARM.attributes
                0x00000000       0x2d /Developer/android-ndk-r8b/platforms/android-9/arch-arm/usr/lib/crtbegin_so.o
 .ARM.attributes
                0x0000002d       0x2b debug/rooOpenUDID_platform.os
 .ARM.attributes
                0x00000058       0x2b debug/rooOpenUDID.os
 .ARM.attributes
                0x00000083       0x2b debug/rooOpenUDID_register.os
 .ARM.attributes
                0x000000ae       0x2b /Developer/Marmalade/6.1/s3e/edk/lib/android/libedk.a(IwDebug.o)
 .ARM.attributes
                0x000000d9       0x2b /Developer/Marmalade/6.1/s3e/edk/lib/android/libedk.a(edk_helpers.o)
 .ARM.attributes
                0x00000104       0x19 /Developer/android-ndk-r8b/toolchains/arm-linux-androideabi-4.4.3/prebuilt/darwin-x86/bin/../lib/gcc/arm-linux-androideabi/4.4.3/libgcc.a(_aeabi_ldivmod.o)
 .ARM.attributes
                0x0000011d       0x29 /Developer/android-ndk-r8b/toolchains/arm-linux-androideabi-4.4.3/prebuilt/darwin-x86/bin/../lib/gcc/arm-linux-androideabi/4.4.3/libgcc.a(bpabi.o)
 .ARM.attributes
                0x00000146       0x29 /Developer/android-ndk-r8b/toolchains/arm-linux-androideabi-4.4.3/prebuilt/darwin-x86/bin/../lib/gcc/arm-linux-androideabi/4.4.3/libgcc.a(unwind-arm.o)
 .ARM.attributes
                0x0000016f       0x19 /Developer/android-ndk-r8b/toolchains/arm-linux-androideabi-4.4.3/prebuilt/darwin-x86/bin/../lib/gcc/arm-linux-androideabi/4.4.3/libgcc.a(libunwind.o)
 .ARM.attributes
                0x00000188       0x29 /Developer/android-ndk-r8b/toolchains/arm-linux-androideabi-4.4.3/prebuilt/darwin-x86/bin/../lib/gcc/arm-linux-androideabi/4.4.3/libgcc.a(pr-support.o)
 .ARM.attributes
                0x000001b1       0x29 /Developer/android-ndk-r8b/toolchains/arm-linux-androideabi-4.4.3/prebuilt/darwin-x86/bin/../lib/gcc/arm-linux-androideabi/4.4.3/libgcc.a(_divdi3.o)
 .ARM.attributes
                0x000001da       0x29 /Developer/android-ndk-r8b/toolchains/arm-linux-androideabi-4.4.3/prebuilt/darwin-x86/bin/../lib/gcc/arm-linux-androideabi/4.4.3/libgcc.a(_udivdi3.o)
 .ARM.attributes
                0x00000203       0x19 /Developer/android-ndk-r8b/toolchains/arm-linux-androideabi-4.4.3/prebuilt/darwin-x86/bin/../lib/gcc/arm-linux-androideabi/4.4.3/libgcc.a(_udivsi3.o)
 .ARM.attributes
                0x0000021c       0x19 /Developer/android-ndk-r8b/toolchains/arm-linux-androideabi-4.4.3/prebuilt/darwin-x86/bin/../lib/gcc/arm-linux-androideabi/4.4.3/libgcc.a(_dvmd_lnx.o)
 .ARM.attributes
                0x00000235       0x1f /Developer/android-ndk-r8b/platforms/android-9/arch-arm/usr/lib/crtend_so.o
